1AE not found
1AD not found
1AG not found
1MC not found
1TT not found
3DA not found
3DP not found
1CG not found
1ST not found
14D not found
4DS not found
5GG not found
88E not found
8IH not found
8CO not found
92E not found
8VI not found
A1M not found
A2B not found
A1G not found
A8G not found
AAJ not found
AAP not found
AAU not found
AAR not found
A3D not found
ABE not found
ABV not found
ABX not found
ABY not found
ACE not found
ACB not found
ACM not found
ACR not found
ACQ not found
ACF not found
ACP not found
ACS not found
ACW not found
ACU not found
AD1 not found
ADA not found
ADC not found
ADG not found
ADN not found
ADO not found
ADD not found
ADR not found
ADS not found
ADV not found
AEE not found
AER not found
ADX not found
ADY not found
AEV not found
AEI not found
AFA not found
AFL not found
AFW not found
AGC not found
AGD not found
AGE not found
AGH not found
AHC not found
AGN not found
AGR not found
AHF not found
AHI not found
AHX not found
AHN not found
AIM not found
AIQ not found
AHL not found
AIV not found
AHK not found
AII not found
AJL not found
AJQ not found
AJX not found
AJY not found
AKM not found
AKO not found
AKG not found
AL3 not found
AL8 not found
ALA not found
ALB not found
ALC not found
ALM not found
AKN not found
ALV not found
ALO not found
AM7 not found
ALY not found
AMA not found
AMD not found
AME not found
AMI not found
AML not found
AMM not found
AMN not found
AMO not found
AMT not found
AMX not found
AN1 not found
AND not found
ANG not found
ANO not found
ANL not found
ANP not found
ANR not found
AO1 not found
AOA not found
AON not found
APC not found
APL not found
APS not found
APW not found
AQC not found
ANX not found
AQD not found
AQI not found
AQN not found
AQS not found
AR1 not found
AR3 not found
AR9 not found
ARA not found
ARD not found
ARE not found
ARL not found
ARC not found
ARN not found
ARO not found
ARR not found
ART not found
ARV not found
AS2 not found
ASH not found
ASN not found
ASO not found
ASP not found
ASQ not found
ASR not found
ASW not found
AT1 not found
ATC not found
ATH not found
An error occurred for AUE: HTTPSConnectionPool(host='query2.finance.yahoo.com', port=443): Max retries exceeded with url: /v10/finance/quoteSummary/AUE.AX?modules=summaryProfile%2CfinancialData%2CquoteType%2CdefaultKeyStatistics%2CassetProfile%2CsummaryDetail&ssl=true (Caused by NameResolutionError("<urllib3.connection.HTTPSConnection object at 0x12fde8550>: Failed to resolve 'query2.finance.yahoo.com' ([Errno 8] nodename nor servname provided, or not known)"))
ATP not found
ATR not found
ATS not found
ATV not found
ATX not found
AU1 not found
AUC not found
AUA not found
AUH not found
AUG not found
AUK not found
AUN not found
AUQ not found
AUR not found
AUT not found
AUZ not found
AV1 not found
AVA not found
AVC not found
AVD not found
AVG not found
AVE not found
AVJ not found
AVM not found
AVL not found
AVW not found
AW1 not found
AXE not found
AX8 not found
AWJ not found
AXI not found
AXN not found
AXP not found
AYA not found
AYM not found
AYT not found
AZL not found
AZI not found
AZY not found
BAS not found
BAT not found
AYI not found
BBC not found
BBL not found
BBT not found
BC8 not found
BCA not found
B4P not found
BCC not found
BBX not found
BCT not found
BCN not found
BDG not found
BDT not found
BDX not found
BEL not found
BEZ not found
BET not found
BEX not found
BFC not found
BGD not found
BGE not found
BGT not found
BHD not found
BIM not found
BIR not found
BIS not found
BIO not found
BIT not found
BKG not found
BKT not found
BLG not found
BLU not found
BLZ not found
BM8 not found
BMH not found
BMG not found
BML not found
BMM not found
BME not found
BMO not found
BMT not found
BMR not found
BNO not found
BNL not found
BNR not found
BNZ not found
BOD not found
BOA not found
BOC not found
BOL not found
BP8 not found
BOT not found
BPH not found
BPM not found
BPP not found
BRI not found
BRL not found
BRU not found
BRK not found
BRX not found
BSA not found
BSN not found
BSE not found
BSX not found
BTC not found
BTE not found
BTI not found
BTN not found
BTR not found
BUB not found
BUR not found
BUS not found
BUX not found
BVR not found
BWF not found
BUY not found
BXN not found
BYE not found
BYH not found
C29 not found
C1X not found
C7A not found
CAA not found
CAE not found
CAG not found
CAF not found
CAN not found
CAI not found
CAM not found
CAQ not found
CAV not found
CAY not found
CAZ not found
CBL not found
CBE not found
CCA not found
CBY not found
CBH not found
CBR not found
CCG not found
CCE not found
CCO not found
CCR not found
CCX not found
CCZ not found
CD1 not found
CD3 not found
CD2 not found
CCV not found
CDO not found
CDD not found
CDR not found
CDT not found
CF1 not found
CDX not found
CG1 not found
CEL not found
CGO not found
CE1 not found
CHK not found
CHL not found
CHR not found
CHM not found
CHW not found
CI1 not found
CHZ not found
CIW not found
CKA not found
CL8 not found
CLE not found
CLA not found
CLU not found
CLT not found
CLX not found
CLZ not found
CMD not found
CMG not found
CMO not found
CMX not found
CNB not found
CNJ not found
CNQ not found
CNW not found
CMP not found
COB not found
COO not found
COI not found
COD not found
COS not found
CPM not found
COY not found
CPN not found
CPO not found
CPT not found
CR1 not found
CR9 not found
CRR not found
CPV not found
CRS not found
CSF not found
CRB not found
CSS not found
CST not found
CSX not found
CTQ not found
CTP not found
CTN not found
CUE not found
CT1 not found
CUP not found
CTE not found
CTO not found
CUL not found
CUS not found
CVR not found
CWX not found
CVV not found
CXM not found
CUF not found
CXU not found
CXZ not found
CY5 not found
CYG not found
CYQ not found
CYL not found
CYP not found
CZN not found
CZR not found
DAF not found
DAL not found
DBO not found
DCC not found
DCG not found
DBF not found
DC2 not found
DCL not found
DCN not found
D2O not found
DCX not found
DDB not found
DDT not found
DEV not found
DEM not found
DES not found
DGH not found
DGR not found
DKM not found
DLM not found
DM1 not found
DMG not found
DME not found
DNA not found
DMM not found
DRE not found
DRO not found
DRA not found
DOU not found
DOC not found
DRX not found
DTC not found
DSK not found
DTI not found
DTM not found
DUB not found
DTZ not found
DTR not found
DUG not found
DUN not found
DVL not found
DXB not found
DVR not found
DXN not found
DY6 not found
E25 not found
E33 not found
E79 not found
EAX not found
EBG not found
ECL not found
ECG not found
DYM not found
ECS not found
EDC not found
ECT not found
EDU not found
ECP not found
EEG not found
EFE not found
EEL not found
EG1 not found
EGG not found
EGH not found
EGL not found
EDE not found
EGN not found
EGR not found
EGY not found
EL8 not found
ELE not found
ELS not found
ELT not found
EM2 not found
EMB not found
EMC not found
EMD not found
EME not found
EIQ not found
EMH not found
EMN not found
EMP not found
EMS not found
EMT not found
EMU not found
EMV not found
ENA not found
ENR not found
ENT not found
ENV not found
ENX not found
EOF not found
EOL not found
EP1 not found
EOS not found
EPM not found
EPX not found
EPY not found
EQN not found
EQR not found
EPN not found
EQS not found
EQX not found
ERG not found
ERD not found
ERL not found
ERM not found
ERW not found
ESK not found
ESR not found
ESS not found
ETM not found
ETR not found
EUR not found
EV1 not found
EVE not found
EVO not found
EVG not found
EVR not found
EVS not found
EVZ not found
EXL not found
EX1 not found
EXP not found
EXR not found
EYE not found
EZZ not found
EZL not found
FAL not found
FAR not found
FAU not found
FBM not found
FBR not found
FCT not found
FDR not found
FDV not found
FEG not found
FEX not found
FFF not found
FFG not found
FFI not found
FFT not found
FG1 not found
FGL not found
FGR not found
FHE not found
FID not found
FIN not found
FLX not found
FLN not found
FLC not found
FME not found
FML not found
FMS not found
FND not found
FNX not found
FOS not found
FOR not found
FPC not found
FRB not found
FPP not found
FRI not found
FRE not found
FRM not found
FRS not found
FRX not found
FSA not found
FSG not found
FTC not found
FSI not found
FTL not found
FXG not found
FTZ not found
FZR not found
G1A not found
G50 not found
G6M not found
GAP not found
G88 not found
GAL not found
GAS not found
GBE not found
FYI not found
GBR not found
GBZ not found
GC1 not found
GCM not found
GCX not found
GCY not found
GDA not found
GCR not found
GDC not found
GED not found
GEN not found
GES not found
GFL not found
GFN not found
GGE not found
GHY not found
GGX not found
GLA not found
GIB not found
GLB not found
GLE not found
GLH not found
GLL not found
GML not found
GLV not found
GMN not found
1AD not found
1AE not found
1AG not found
1MC not found
14D not found
3DA not found
1TT not found
3DP not found
1ST not found
1CG not found
5GG not found
8IH not found
92E not found
8CO not found
8VI not found
A1G not found
A2B not found
A1M not found
88E not found
4DS not found
A3D not found
A8G not found
AAJ not found
ABV not found
AAR not found
AAP not found
ABX not found
AAU not found
ABY not found
ACB not found
ACE not found
ACF not found
ACR not found
ACP not found
ACQ not found
ACS not found
ACM not found
ABE not found
ACU not found
ACW not found
AD1 not found
ADA not found
ADR not found
ADD not found
ADO not found
ADN not found
ADS not found
ADV not found
ADY not found
ADC not found
ADG not found
AEV not found
AEE not found
AER not found
AEI not found
AFA not found
AFL not found
ADX not found
AFW not found
AGC not found
AGD not found
AGE not found
AGH not found
AGR not found
AGN not found
AHC not found
AHF not found
AHI not found
AHK not found
AHL not found
AHN not found
AIM not found
AIQ not found
AII not found
AJL not found
AIV not found
AJX not found
AKG not found
AJY not found
AKN not found
AKO not found
AKM not found
AJQ not found
AL3 not found
AL8 not found
ALA not found
ALC not found
ALB not found
ALO not found
ALM not found
ALY not found
ALV not found
AMA not found
AM7 not found
AMD not found
AMI not found
AME not found
AML not found
AMM not found
AMN not found
AMO not found
AMX not found
AN1 not found
AMT not found
AND not found
ANG not found
ANL not found
ANO not found
ANP not found
ANR not found
ANX not found
AO1 not found
AHX not found
AON not found
APC not found
APL not found
APW not found
AQC not found
APS not found
AOA not found
AQD not found
AQI not found
AQN not found
AR1 not found
AQS not found
ARD not found
ARA not found
AR3 not found
AR9 not found
ARC not found
ARN not found
ARE not found
ARL not found
ARO not found
ARR not found
ART not found
ARV not found
ASN not found
AS2 not found
ASQ not found
ASP not found
ASO not found
ASR not found
ASW not found
AT1 not found
ATC not found
ATV not found
ATX not found
ATP not found
ATH not found
ATS not found
AU1 not found
ATR not found
AUC not found
ASH not found
AUG not found
AUN not found
AUH not found
AUQ not found
AUK not found
AUE not found
AUA not found
AUR not found
AUT not found
AVA not found
AVD not found
AUZ not found
AV1 not found
AVC not found
AVG not found
AVJ not found
AVM not found
AVE not found
AWJ not found
AVL not found
AXE not found
AVW not found
AXI not found
AX8 not found
AW1 not found
AXN not found
AXP not found
AZL not found
AZY not found
B4P not found
AZI not found
BAS not found
AYI not found
AYA not found
AYM not found
AYT not found
BAT not found
BBX not found
BBL not found
BCA not found
BCN not found
BBC not found
BCT not found
BCC not found
BC8 not found
BBT not found
BDG not found
BET not found
BDT not found
BEX not found
BDX not found
BEL not found
BGE not found
BEZ not found
BFC not found
BGD not found
BGT not found
BIM not found
BIR not found
BIT not found
BKG not found
BIO not found
BHD not found
BKT not found
BIS not found
BLG not found
BLU not found
BMM not found
BM8 not found
BML not found
BME not found
BMR not found
BMO not found
BMG not found
BMT not found
BMH not found
BNL not found
BNO not found
BNZ not found
BOD not found
BNR not found
BOC not found
BOA not found
BOL not found
BOT not found
BP8 not found
BPP not found
BRI not found
BPH not found
BRK not found
BRU not found
BLZ not found
BPM not found
BRL not found
BSA not found
BRX not found
BTC not found
BSN not found
BSE not found
BSX not found
BTE not found
BTI not found
BTN not found
BTR not found
BUR not found
BUB not found
BUX not found
BUS not found
BUY not found
BVR not found
BWF not found
BYE not found
BYH not found
C29 not found
C1X not found
C7A not found
CAA not found
CAE not found
CAF not found
BXN not found
CAI not found
CAM not found
CAQ not found
CAV not found
CAZ not found
CAY not found
CAG not found
CBH not found
CBE not found
CBR not found
CBL not found
CAN not found
CBY not found
CCA not found
CCE not found
CCX not found
CCG not found
CCO not found
CD1 not found
CCR not found
CCZ not found
CCV not found
CD3 not found
CDD not found
CEL not found
CDX not found
CDR not found
CF1 not found
CE1 not found
CDO not found
CDT not found
CD2 not found
CG1 not found
CGO not found
CHK not found
CHR not found
CHL not found
CHZ not found
CI1 not found
CHW not found
CHM not found
CIW not found
CKA not found
CL8 not found
CLA not found
CLE not found
CLT not found
CLU not found
CLX not found
CLZ not found
CMG not found
CMO not found
CMP not found
CMX not found
CNB not found
CMD not found
CNJ not found
CNW not found
CNQ not found
COB not found
COD not found
COO not found
COI not found
COS not found
CPT not found
COY not found
CPN not found
CPM not found
CPO not found
CPV not found
CR1 not found
CR9 not found
CRR not found
CRB not found
CSF not found
CRS not found
CSX not found
CSS not found
CST not found
CT1 not found
CTO not found
CTP not found
CTN not found
CTQ not found
CUL not found
CUE not found
CUF not found
CUP not found
CUS not found
CVR not found
CVV not found
CWX not found
CXM not found
CXU not found
CYG not found
CXZ not found
CY5 not found
CTE not found
CYL not found
CYQ not found
CYP not found
CZN not found
CZR not found
DAF not found
D2O not found
DBF not found
DBO not found
DC2 not found
DCC not found
DCG not found
DCL not found
DCN not found
DAL not found
DCX not found
DDB not found
DDT not found
DES not found
DGH not found
DEV not found
DGR not found
DLM not found
DKM not found
DEM not found
DM1 not found
DME not found
DMG not found
DMM not found
DOC not found
DNA not found
DOU not found
DRA not found
DRE not found
DRO not found
DSK not found
DRX not found
DTC not found
DTI not found
DTR not found
DTM not found
DTZ not found
DUG not found
DUB not found
DVR not found
DVL not found
DUN not found
DXB not found
DXN not found
DYM not found
DY6 not found
E25 not found
E79 not found
EAX not found
E33 not found
EBG not found
ECL not found
ECG not found
ECP not found
ECS not found
ECT not found
EDE not found
EDC not found
EDU not found
EEG not found
EEL not found
EG1 not found
EGG not found
EIQ not found
EL8 not found
EGH not found
EGN not found
EGY not found
EGL not found
EFE not found
EGR not found
ELE not found
ELS not found
ELT not found
EMB not found
EMN not found
EMP not found
EMC not found
EMH not found
EME not found
EM2 not found
EMD not found
EMS not found
EMV not found
ENA not found
EMU not found
EMT not found
ENR not found
ENX not found
EOF not found
ENV not found
ENT not found
EOL not found
EPX not found
EPM not found
EOS not found
EP1 not found
EPN not found
EPY not found
EQR not found
EQN not found
EQS not found
EQX not found
ERD not found
ERG not found
ERM not found
ERL not found
ERW not found
ETM not found
ESR not found
ESS not found
ESK not found
ETR not found
EVO not found
EVE not found
EV1 not found
EUR not found
EVG not found
EVZ not found
EVR not found
EVS not found
EXL not found
EX1 not found
EXP not found
EYE not found
EZL not found
EZZ not found
EXR not found
FAR not found
FAL not found
FBM not found
FAU not found
FBR not found
FEX not found
FCT not found
FEG not found
FDR not found
FDV not found
FFG not found
FFI not found
FG1 not found
FFT not found
FLC not found
FIN not found
FHE not found
FGL not found
FGR not found
FFF not found
FID not found
FLN not found
FME not found
FLX not found
FPC not found
FML not found
FOS not found
FND not found
FOR not found
FPP not found
FNX not found
FMS not found
FRE not found
FRB not found
FRI not found
FRS not found
FRX not found
FRM not found
FSG not found
FSI not found
FTC not found
FTL not found
FTZ not found
FXG not found
G6M not found
FYI not found
G50 not found
FZR not found
G1A not found
FSA not found
G88 not found
GAL not found
GAP not found
GAS not found
GCM not found
GC1 not found
GBR not found
GBZ not found
GCR not found
GBE not found
GCX not found
GDA not found
GCY not found
GDC not found
GES not found
GFL not found
GFN not found
GED not found
GEN not found
GGE not found
GHY not found
GIB not found
GGX not found
GLB not found
GLH not found
GLE not found
GLL not found
GLV not found
GLA not found
GML not found
GMN not found
GMR not found
GNM not found
GRE not found
GRV not found
GNP not found
GOW not found
GPR not found
GRL not found
GSR not found
GSM not found
GSS not found
GSN not found
GTG not found
GTE not found
GT1 not found
GTN not found
GTR not found
GTI not found
GWR not found
GVF not found
GUL not found
GW1 not found
HAL not found
HAV not found
HAS not found
HAR not found
H2G not found
HAW not found
HCF not found
HCH not found
HCD not found
HCT not found
HFR not found
HE8 not found
HGO not found
HGV not found
HGL not found
HFY not found
HIO not found
HHR not found
HIQ not found
HIT not found
HLX not found
HLA not found
HMD not found
HMI not found
HMX not found
HMG not found
HNG not found
HMY not found
HNR not found
HPR not found
HPG not found
HPC not found
HRE not found
HRN not found
HPP not found
HRZ not found
HOR not found
HTG not found
HVY not found
HTM not found
HT8 not found
HYD not found
IBG not found
HYT not found
IAM not found
HZR not found
HXL not found
IBC not found
IBX not found
ICE not found
ICG not found
ICI not found
ICL not found
ID8 not found
IDA not found
IDT not found
ICR not found
IEC not found
IG6 not found
IEQ not found
IGN not found
ICN not found
ILT not found
IIQ not found
IKE not found
ILA not found
IHL not found
IMA not found
IME not found
IMB not found
IMC not found
IMI not found
INF not found
INP not found
INL not found
IND not found
IMR not found
IPB not found
INV not found
IOD not found
IPT not found
IPC not found
IR1 not found
IRD not found
IRI not found
IRX not found
IS3 not found
ITM not found
IVR not found
IVT not found
IVZ not found
IVX not found
IXC not found
IXR not found
JAN not found
JAL not found
IXU not found
JAV not found
JAT not found
JAY not found
JGH not found
JCS not found
JRV not found
JNO not found
JPR not found
JRL not found
JYC not found
JXT not found
JTL not found
KAL not found
KAI not found
K2F not found
KBC not found
KAU not found
KAT not found
KED not found
KEY not found
KCC not found
KAM not found
KGD not found
KFM not found
KGL not found
KME not found
KLR not found
KLI not found
KKO not found
KIL not found
KNB not found
KNI not found
KNM not found
KIN not found
KOB not found
KOV not found
KNO not found
KP2 not found
KNG not found
KPO not found
KRR not found
KRM not found
KSN not found
KOR not found
KTA not found
KZR not found
KZA not found
L1M not found
KYP not found
LAM not found
LBL not found
LBT not found
LCE not found
LCL not found
LDR not found
LCT not found
LEG not found
LDX not found
LEL not found
LEX not found
LER not found
LGM not found
LCY not found
LGP not found
LIO not found
LIS not found
LIT not found
LLO not found
LM1 not found
LKY not found
LHM not found
LM8 not found
LME not found
LKO not found
LMG not found
LML not found
LNU not found
LNR not found
LPD not found
LOM not found
LPE not found
LRD not found
LPM not found
LRL not found
LRK not found
LRT not found
LRV not found
LSX not found
LSR not found
LVH not found
LV1 not found
LVE not found
LSA not found
LYN not found
LVT not found
LYK not found
M2R not found
M2M not found
MAG not found
M4M not found
M3M not found
MAN not found
MAM not found
M24 not found
MAP not found
MAT not found
MAU not found
MBH not found
MCE not found
MBX not found
MBK not found
MCP not found
MCM not found
MCL not found
MCT not found
MCA not found
MDI not found
MDR not found
MEA not found
ME1 not found
MDX not found
MEC not found
MEB not found
MEG not found
MEK not found
MEM not found
MEL not found
MEU not found
MGT not found
MGA not found
MFD not found
MGL not found
MGU not found
MHC not found
MHI not found
MGV not found
MI6 not found
MHK not found
MKL not found
MKG not found
MIO not found
MIL not found
MLG not found
MKR not found
MLM not found
MLS not found
MMA not found
MME not found
MMI not found
MMC not found
MM1 not found
MNS not found
MMM not found
MNB not found
MOB not found
MM8 not found
MOH not found
MOM not found
MOZ not found
MPA not found
MOV not found
MPG not found
MPP not found
MQR not found
MPX not found
MRC not found
MRL not found
MRQ not found
MRD not found
MRI not found
MRR not found
MRZ not found
MSG not found
MSI not found
MSV not found
MPR not found
MTC not found
MTH not found
MTL not found
MTB not found
MTM not found
MTO not found
MVL not found
MVP not found
MWY not found
MX1 not found
MXC not found
MXI not found
MXO not found
MXR not found
MYE not found
MYG not found
N1H not found
MZZ not found
NAC not found
NAE not found
NAG not found
NC1 not found
NC6 not found
NCC not found
NES not found
NET not found
NFL not found
NGL not found
NGE not found
NAM not found
NGS not found
NHE not found
NGY not found
NGX not found
NIM not found
NIS not found
NKL not found
NME not found
NMR not found
NNG not found
NNL not found
NOR not found
NOL not found
NOV not found
NOX not found
NPM not found
NRX not found
NRZ not found
NSB not found
NSC not found
NOU not found
NSM not found
NSX not found
NTD not found
NTI not found
NTL not found
NTU not found
NUC not found
NUH not found
NTM not found
NVA not found
NVU not found
NWC not found
NWM not found
NXM not found
NXS not found
NZK not found
NYM not found
NYR not found
NZM not found
NZO not found
NZS not found
OAK not found
OAR not found
OAU not found
OCC not found
OCT not found
OCN not found
ODA not found
OD6 not found
ODE not found
ODM not found
ODY not found
OEC not found
OEQ not found
OEL not found
OIL not found
OJC not found
OKJ not found
OKR not found
OLH not found
OLI not found
OLL not found
OLY not found
OMA not found
OM1 not found
OMX not found
ONE not found
OPL not found
OPN not found
ORN not found
ORR not found
OSL not found
OSM not found
OXT not found
OSX not found
OZM not found
OZZ not found
PAB not found
PAA not found
PAN not found
PAT not found
PAM not found
PCG not found
PCL not found
PCK not found
PEC not found
PEB not found
PET not found
PEK not found
PFG not found
PFE not found
PEX not found
PFT not found
PGC not found
PGD not found
PGY not found
PGO not found
PGL not found
PGM not found
PHO not found
PIL not found
PHL not found
PIM not found
PIQ not found
PH2 not found
PKO not found
PLG not found
PL3 not found
PKD not found
PLT not found
PNN not found
PNM not found
PNC not found
PLY not found
PNT not found
POS not found
POD not found
PNX not found
PPK not found
PPG not found
PPL not found
PR1 not found
PPY not found
PRM not found
POL not found
PRS not found
PRO not found
PRX not found
PTR not found
PTL not found
PTX not found
PSC not found
PSL not found
PUA not found
PUR not found
PV1 not found
PVL not found
PVE not found
PVS not found
PXS not found
PVT not found
PVW not found
PWN not found
PXX not found
PYR not found
QEM not found
QFE not found
QHL not found
QIP not found
QUE not found
QPM not found
QXR not found
R3D not found
R8R not found
RAG not found
RAD not found
RAS not found
RB6 not found
QML not found
RBL not found
RBR not found
RBX not found
RC1 not found
RCL not found
RCR not found
RCT not found
RCW not found
RDG not found
RDN not found
RDM not found
RDS not found
REC not found
RCE not found
REE not found
REM not found
REX not found
RFA not found
REZ not found
REY not found
RFG not found
RFT not found
RFX not found
RGL not found
RGS not found
RHY not found
RIM not found
RIE not found
RKN not found
RLC not found
RLF not found
RKT not found
RLG not found
RHT not found
RMI not found
RML not found
RMX not found
RMY not found
RNE not found
RND not found
RNO not found
RNT not found
ROC not found
RNX not found
RON not found
ROG not found
RPG not found
ROO not found
RR1 not found
RRR not found
RTG not found
RPM not found
RSH not found
RTH not found
RTR not found
RVS not found
RWD not found
RVT not found
RYD not found
RXL not found
RWL not found
RXM not found
RXH not found
RZI not found
S2R not found
S3N not found
S66 not found
SAN not found
SBW not found
SBR not found
SCL not found
SCN not found
SAU not found
SB2 not found
SDG not found
SCT not found
SDI not found
SDV not found
SEN not found
SEG not found
SEC not found
SER not found
SEQ not found
SES not found
SFG not found
SFM not found
SFX not found
SGA not found
SHE not found
SHA not found
SHG not found
SGI not found
SGC not found
SGQ not found
SHJ not found
SHN not found
SHM not found
SHO not found
SIO not found
SIV not found
SIT not found
SHP not found
SI6 not found
SIS not found
SIH not found
SKF not found
SIX not found
SKN not found
SKY not found
SLZ not found
SLH not found
SKS not found
SLB not found
SLA not found
SLS not found
SLM not found
SMN not found
SMI not found
SNC not found
SMS not found
SOP not found
SNS not found
SNG not found
SND not found
SNX not found
SOR not found
SOC not found
SOM not found
SOV not found
SP8 not found
SP3 not found
SPN not found
SPA not found
SPT not found
SPL not found
SPD not found
SPX not found
SPQ not found
SQX not found
SPZ not found
SRH not found
SRI not found
SRK not found
SRL not found
SRR not found
SRN not found
SRT not found
SRY not found
SRX not found
SRZ not found
SRJ not found
ST1 not found
STG not found
SSL not found
SSG not found
STM not found
STN not found
STK not found
STP not found
SSH not found
SUH not found
SVG not found
SUV not found
SVY not found
SW1 not found
SWF not found
SWP not found
SXG not found
SZL not found
SYM not found
T88 not found
TAL not found
T3D not found
T92 not found
TAM not found
TAR not found
SXE not found
TBR not found
TCG not found
TDO not found
TEE not found
TAS not found
TCO not found
TD1 not found
TEG not found
TEM not found
TGF not found
TGM not found
TG1 not found
TGA not found
TFL not found
TG6 not found
TGH not found
TEK not found
TGN not found
TGP not found
TKM not found
THR not found
TKL not found
TIA not found
TIP not found
TLM not found
TI1 not found
TIG not found
TMG not found
TMB not found
TMR not found
TNC not found
TMX not found
TMK not found
TMS not found
TMT not found
TMH not found
TML not found
TNT not found
TNY not found
TOE not found
TON not found
TOP not found
TOT not found
TOR not found
TOU not found
TPC not found
TPD not found
TOY not found
TRE not found
TRU not found
TRS not found
TSK not found
TSI not found
TRP not found
TSO not found
TTA not found
TSN not found
TTI not found
TRT not found
TTM not found
TVL not found
TWD not found
TTT not found
TVN not found
TYX not found
TYM not found
TZL not found
TZN not found
UBI not found
USQ not found
UBN not found
UCM not found
UNT not found
USL not found
UVA not found
VAR not found
VBC not found
VBS not found
VAL not found
VEE not found
VMG not found
VEN not found
VKA not found
VHM not found
VLS not found
VIG not found
VML not found
VMM not found
VMS not found
VMT not found
VR8 not found
VRX not found
VPR not found
VRS not found
VR1 not found
VRC not found
VN8 not found
VSR not found
VTI not found
VTM not found
VVA not found
VYS not found
WAA not found
WAK not found
W2V not found
WA8 not found
VTX not found
WAR not found
WBE not found
WAT not found
WCN not found
WFL not found
WEC not found
WC8 not found
WC1 not found
WEL not found
WCG not found
WGN not found
WGR not found
WHK not found
WIA not found
WIN not found
WKT not found
WMA not found
WML not found
WLD not found
WNR not found
WMG not found
WOT not found
WRK not found
WSI not found
WSP not found
WSR not found
WTL not found
WWG not found
X2M not found
XAM not found
WZR not found
WYX not found
WWI not found
XF1 not found
XPN not found
XRF not found
XGL not found
YBR not found
YAR not found
XTE not found
XST not found
XTC not found
XRG not found
YOJ not found
YPB not found
YRL not found
YOW not found
ZGL not found
ZEO not found
Z2U not found
ZER not found
ZEU not found
ZAG not found
ZMI not found
ZLD not found
ZNC not found
ZMM not found
ZNO not found
3DA not found
1MC not found
1AE not found
3DP not found
14D not found
1CG not found
1AG not found
1ST not found
1AD not found
1TT not found
88E not found
4DS not found
8IH not found
8CO not found
5GG not found
A1G not found
8VI not found
92E not found
A1M not found
A2B not found
AAR not found
A8G not found
AAJ not found
A3D not found
AAP not found
AAU not found
ABE not found
ABV not found
ABX not found
ABY not found
ACB not found
ACM not found
ACF not found
ACE not found
ACQ not found
ACP not found
ACS not found
ACU not found
ACR not found
ACW not found
AD1 not found
ADA not found
ADD not found
ADV not found
ADC not found
ADS not found
ADG not found
ADR not found
ADN not found
ADO not found
ADX not found
ADY not found
AEE not found
AFL not found
AGC not found
AEV not found
AER not found
AFW not found
AEI not found
AFA not found
AGD not found
AGE not found
AGH not found
AGN not found
AHI not found
AGR not found
AHF not found
AHK not found
AHC not found
AHX not found
AII not found
AHN not found
AHL not found
AIM not found
AIV not found
AIQ not found
AJQ not found
AJL not found
AJX not found
AJY not found
AKG not found
AKM not found
AKN not found
AKO not found
AL3 not found
AL8 not found
ALA not found
ALB not found
ALC not found
ALM not found
ALO not found
ALV not found
ALY not found
AM7 not found
AMA not found
AMD not found
AME not found
AMI not found
AML not found
AMM not found
AMN not found
AMO not found
AMT not found
AMX not found
AN1 not found
AND not found
ANO not found
ANP not found
ANL not found
ANG not found
ANX not found
ANR not found
AON not found
AOA not found
AO1 not found
APC not found
APW not found
APS not found
APL not found
AQI not found
AQD not found
AQC not found
AQN not found
AR1 not found
AR3 not found
AR9 not found
ARA not found
ARC not found
ARE not found
ARL not found
ARD not found
AQS not found
ARN not found
ARO not found
ARR not found
ART not found
ARV not found
AS2 not found
ASN not found
ASH not found
ASO not found
ASP not found
ASR not found
ASQ not found
ASW not found
ATC not found
AT1 not found
ATH not found
ATR not found
ATS not found
ATV not found
ATX not found
AU1 not found
AUA not found
AUC not found
ATP not found
AUE not found
AUG not found
AUH not found
AUK not found
AUN not found
AUQ not found
AUR not found
AUT not found
AV1 not found
AVA not found
AUZ not found
AVC not found
AVD not found
AVE not found
AVJ not found
AVL not found
AVW not found
AW1 not found
AWJ not found
AVM not found
AXE not found
AVG not found
AXI not found
AX8 not found
AXN not found
AXP not found
AYI not found
AYM not found
AYA not found
AYT not found
AZI not found
AZL not found
AZY not found
B4P not found
BAS not found
BAT not found
BBC not found
BBL not found
BBT not found
BBX not found
BC8 not found
BCA not found
BDG not found
BCT not found
BCC not found
BCN not found
BDT not found
BEL not found
BDX not found
BEX not found
BEZ not found
BET not found
BGD not found
BFC not found
BGT not found
BGE not found
BHD not found
BIM not found
BIO not found
BIS not found
BIR not found
BIT not found
BLU not found
BLG not found
BKT not found
BKG not found
BLZ not found
BM8 not found
BME not found
BMH not found
BML not found
BMO not found
BMT not found
BMM not found
BMR not found
BNL not found
BNO not found
BNZ not found
BNR not found
BOA not found
BOC not found
BOL not found
BOD not found
BOT not found
BP8 not found
BPH not found
BPP not found
BPM not found
BRI not found
BMG not found
BRK not found
BRX not found
BRL not found
BRU not found
BSA not found
BSE not found
BSN not found
BSX not found
BTC not found
BTE not found
BTI not found
BUB not found
BTR not found
BTN not found
BUR not found
BUS not found
BUX not found
BVR not found
BUY not found
BWF not found
BYE not found
C1X not found
BYH not found
C29 not found
C7A not found
CAA not found
CAE not found
CAF not found
BXN not found
CAG not found
CAI not found
CAM not found
CAN not found
CAQ not found
CAV not found
CAY not found
CAZ not found
CBH not found
CBE not found
CBR not found
CBY not found
CCA not found
CCE not found
CCG not found
CBL not found
CCR not found
CCX not found
CCV not found
CCZ not found
CD2 not found
CD1 not found
CD3 not found
CDD not found
CDO not found
CCO not found
CDR not found
CDT not found
CDX not found
CE1 not found
CF1 not found
CEL not found
CG1 not found
CGO not found
CHL not found
CHM not found
CHR not found
CHW not found
CHZ not found
CI1 not found
CIW not found
CKA not found
CL8 not found
CHK not found
CLA not found
CLE not found
CLT not found
CLU not found
CLX not found
CLZ not found
CMD not found
CMG not found
CMO not found
CMP not found
CMX not found
CNB not found
CNQ not found
CNJ not found
CNW not found
COB not found
COD not found
COI not found
COO not found
COS not found
COY not found
CPM not found
CPN not found
CPO not found
CPT not found
CPV not found
CR1 not found
CRB not found
CR9 not found
CRR not found
CRS not found
CSF not found
CSS not found
CST not found
CSX not found
CT1 not found
CTE not found
CTO not found
CTP not found
CTN not found
CTQ not found
CUE not found
CUF not found
CUL not found
CUP not found
CUS not found
CVR not found
CVV not found
CWX not found
CXM not found
CXU not found
CY5 not found
CXZ not found
CYG not found
CYP not found
CYL not found
CYQ not found
CZN not found
CZR not found
DAF not found
D2O not found
DBF not found
DAL not found
DBO not found
DC2 not found
DCC not found
DCG not found
DCL not found
DCN not found
DDB not found
DCX not found
DDT not found
DEM not found
DES not found
DEV not found
DGH not found
DGR not found
DKM not found
DLM not found
DM1 not found
DME not found
DMG not found
DMM not found
DNA not found
DOC not found
DOU not found
DRE not found
DRA not found
DRO not found
DRX not found
DSK not found
DTI not found
DTC not found
DTM not found
DTR not found
DTZ not found
DUN not found
DUB not found
DVR not found
DUG not found
DVL not found
DXB not found
DXN not found
DY6 not found
DYM not found
E25 not found
E33 not found
E79 not found
EAX not found
EBG not found
ECG not found
ECP not found
ECL not found
ECS not found
ECT not found
EDC not found
EDE not found
EDU not found
EEG not found
EEL not found
EFE not found
EG1 not found
EGG not found
EGH not found
EGL not found
EGN not found
EGR not found
EGY not found
EIQ not found
EL8 not found
ELE not found
ELS not found
EM2 not found
EMB not found
ELT not found
EMC not found
EMD not found
EMH not found
EME not found
EMN not found
EMP not found
EMT not found
EMS not found
EMU not found
EMV not found
ENA not found
ENR not found
ENV not found
ENX not found
ENT not found
EOF not found
EOL not found
EOS not found
EP1 not found
EPM not found
EPN not found
EPX not found
EPY not found
EQN not found
EQR not found
EQS not found
EQX not found
ERD not found
ERL not found
ERG not found
ERM not found
ERW not found
ESK not found
ESR not found
ESS not found
ETM not found
ETR not found
EUR not found
EV1 not found
EVE not found
EVG not found
EVO not found
EVR not found
EVS not found
EVZ not found
EX1 not found
EXL not found
EXP not found
EYE not found
EXR not found
EZL not found
EZZ not found
FAL not found
FAR not found
FAU not found
FBM not found
FBR not found
FCT not found
FDR not found
FDV not found
FEG not found
FEX not found
FFF not found
FFG not found
FFI not found
FFT not found
FG1 not found
FGL not found
FGR not found
FHE not found
FID not found
FIN not found
FLC not found
FLN not found
FLX not found
FMS not found
FND not found
FNX not found
FOR not found
FML not found
FOS not found
FPP not found
FPC not found
FME not found
FRB not found
FSA not found
FRE not found
FRS not found
FRM not found
FSI not found
FRI not found
FSG not found
FTC not found
FTL not found
FTZ not found
FRX not found
FXG not found
FYI not found
G1A not found
FZR not found
G6M not found
G50 not found
GAL not found
GBZ not found
G88 not found
GCM not found
GAP not found
GBE not found
GBR not found
GAS not found
GCX not found
GC1 not found
GCR not found
GEN not found
GDC not found
GFL not found
GED not found
GFN not found
GGX not found
GES not found
GGE not found
GCY not found
GDA not found
GIB not found
GHY not found
GLA not found
GMN not found
GLB not found
GLE not found
GLH not found
GML not found
GLV not found
GLL not found
GNM not found
GMR not found
GPR not found
GOW not found
GSN not found
GRL not found
GRV not found
GNP not found
GRE not found
GSM not found
GSR not found
GSS not found
GTE not found
GTG not found
GT1 not found
GTI not found
GUL not found
GW1 not found
GTR not found
GTN not found
GVF not found
GWR not found
HAL not found
H2G not found
HAS not found
HAR not found
HAV not found
HCH not found
HCF not found
HCD not found
HAW not found
HCT not found
HE8 not found
HFR not found
HFY not found
HGL not found
HIQ not found
HIO not found
HGO not found
HIT not found
HLA not found
HLX not found
HMD not found
HGV not found
HMG not found
HHR not found
HMI not found
HMX not found
HMY not found
HNG not found
HNR not found
HOR not found
HPC not found
HPG not found
HPR not found
HPP not found
HRE not found
HRN not found
HRZ not found
HT8 not found
HTG not found
HVY not found
HTM not found
HXL not found
HYT not found
HZR not found
HYD not found
IAM not found
IBC not found
IBG not found
IBX not found
ICE not found
ICG not found
ICI not found
ICL not found
ICN not found
ICR not found
ID8 not found
IDT not found
IEC not found
IEQ not found
IG6 not found
IGN not found
IHL not found
IDA not found
IIQ not found
IKE not found
ILA not found
ILT not found
IMA not found
IMB not found
IMC not found
IME not found
IMI not found
IMR not found
IND not found
INF not found
INL not found
INP not found
INV not found
IOD not found
IPC not found
IPT not found
IPB not found
IR1 not found
IRI not found
IRD not found
IRX not found
ITM not found
IVR not found
IVT not found
IS3 not found
IVZ not found
IXC not found
IXR not found
IVX not found
JAL not found
JAN not found
JAT not found
JAV not found
IXU not found
JNO not found
JAY not found
JCS not found
JGH not found
JPR not found
JRL not found
JRV not found
JTL not found
JXT not found
JYC not found
KAL not found
KAI not found
KAT not found
KAM not found
K2F not found
KAU not found
KCC not found
KBC not found
KED not found
KEY not found
KFM not found
KGL not found
KIL not found
KGD not found
KIN not found
KKO not found
KLI not found
KLR not found
KME not found
KNB not found
KNI not found
KNG not found
KNM not found
KNO not found
KOR not found
KOV not found
KPO not found
KP2 not found
KRM not found
KOB not found
KSN not found
KRR not found
KTA not found
KYP not found
KZR not found
L1M not found
KZA not found
LAM not found
LBL not found
LBT not found
LCL not found
LCE not found
LCT not found
LEG not found
LDX not found
LCY not found
LDR not found
LEL not found
LEX not found
LER not found
LHM not found
LGM not found
LIO not found
LKY not found
LIS not found
LIT not found
LKO not found
LGP not found
LM1 not found
LLO not found
LME not found
LM8 not found
LOM not found
LML not found
LMG not found
LNU not found
LNR not found
LPM not found
LPD not found
LPE not found
LRD not found
LRK not found
LRL not found
LRV not found
LSA not found
LRT not found
LSR not found
LSX not found
LV1 not found
LVH not found
LVT not found
LVE not found
LYK not found
LYN not found
M24 not found
M2M not found
M2R not found
M3M not found
M4M not found
MAG not found
MAN not found
MAM not found
MAP not found
MAT not found
MBH not found
MBK not found
MAU not found
MCA not found
MBX not found
1AD not found
1AG not found
1AD not found
3DA not found
1TT not found
1AE not found
1TT not found
1MC not found
1ST not found
14D not found
1AG not found
1CG not found
1AE not found
1CG not found
1ST not found
3DP not found
3DP not found
1MC not found
3DA not found
14D not found
5GG not found
5GG not found
4DS not found
88E not found
8CO not found
4DS not found
A1M not found
8IH not found
8IH not found
8VI not found
92E not found
92E not found
A1G not found
A2B not found
A1G not found
8CO not found
8VI not found
A1M not found
A2B not found
88E not found
A3D not found
A8G not found
AAJ not found
AAR not found
AAP not found
AAR not found
ABV not found
AAU not found
AAU not found
A8G not found
ABE not found
A3D not found
ABV not found
ABX not found
ABX not found
ACB not found
ABY not found
ACB not found
AAP not found
ACF not found
ACE not found
ACM not found
ABE not found
ACE not found
AAJ not found
ACP not found
ACM not found
ACP not found
ACQ not found
ACR not found
ACR not found
ABY not found
ACU not found
ACW not found
ACS not found
ACS not found
ACU not found
ACW not found
ACF not found
ADA not found
AD1 not found
AD1 not found
ADD not found
ADC not found
ACQ not found
ADG not found
ADA not found
ADN not found
ADD not found
ADG not found
ADC not found
ADS not found
ADR not found
ADV not found
ADN not found
ADO not found
ADR not found
ADY not found
ADS not found
ADX not found
ADV not found
AEE not found
AEI not found
ADX not found
ADO not found
AER not found
ADY not found
AEV not found
AEE not found
AEI not found
AER not found
AFA not found
AFL not found
AFW not found
AEV not found
AFA not found
AFL not found
AGC not found
AFW not found
AGC not found
AGD not found
AGN not found
AGD not found
AGE not found
AGH not found
AGE not found
AGR not found
AGH not found
AGR not found
AGN not found
AHF not found
AHI not found
AHK not found
AHC not found
AHF not found
AHC not found
AHK not found
AHI not found
AHL not found
AHN not found
AHX not found
AHL not found
AHN not found
AIQ not found
AJL not found
AIM not found
AIM not found
AJQ not found
AHX not found
AJX not found
AIQ not found
AII not found
AIV not found
AIV not found
AJL not found
AJX not found
AJY not found
AJQ not found
AJY not found
AKG not found
AKM not found
AII not found
AKG not found
AL3 not found
AKO not found
AL8 not found
AL3 not found
AKN not found
ALB not found
AKO not found
ALA not found
AKN not found
AL8 not found
ALA not found
ALB not found
ALC not found
ALC not found
AKM not found
ALM not found
ALO not found
ALM not found
ALV not found
ALY not found
AM7 not found
AMA not found
AM7 not found
AME not found
AMI not found
ALY not found
AMD not found
AMA not found
AMD not found
ALO not found
AMI not found
AML not found
AML not found
ALV not found
AMM not found
AMN not found
AMN not found
AME not found
AMO not found
AMT not found
AMM not found
AMX not found
AN1 not found
AMO not found
AMX not found
AN1 not found
AMT not found
ANG not found
ANL not found
ANO not found
AND not found
AND not found
ANL not found
ANG not found
ANO not found
ANP not found
ANR not found
ANX not found
ANR not found
AOA not found
AON not found
AON not found
APC not found
ANX not found
AOA not found
APC not found
APS not found
APW not found
APS not found
APL not found
AO1 not found
APL not found
APW not found
AQC not found
ANP not found
AQD not found
AO1 not found
AQI not found
AQC not found
AQN not found
AQS not found
AQI not found
AQS not found
AQN not found
AR1 not found
AR3 not found
AR9 not found
ARA not found
AR3 not found
AR9 not found
ARC not found
ARA not found
ARE not found
AQD not found
AR1 not found
ARD not found
ARC not found
ARE not found
ARL not found
ARD not found
ARN not found
ARL not found
ARN not found
ARO not found
ARR not found
AS2 not found
ARV not found
ARO not found
ART not found
ASN not found
ARV not found
AS2 not found
ASN not found
ASP not found
ASO not found
ARR not found
ART not found
ASO not found
ASP not found
ASQ not found
ASQ not found
ASR not found
ASH not found
ASW not found
ATC not found
AT1 not found
ASW not found
ATH not found
AT1 not found
ATC not found
ASH not found
ASR not found
ATS not found
ATP not found
ATR not found
ATH not found
ATR not found
ATS not found
ATV not found
ATV not found
ATX not found
AUA not found
AU1 not found
AUC not found
ATX not found
AUG not found
AU1 not found
ATP not found
AUA not found
AUC not found
AUN not found
AUK not found
AUH not found
AUG not found
AUE not found
AUH not found
AUK not found
AUN not found
AUQ not found
AUQ not found
AUR not found
AUT not found
AUE not found
AUZ not found
AUR not found
AV1 not found
AUZ not found
AVA not found
AV1 not found
AVC not found
AVA not found
AVG not found
AVE not found
AVD not found
AUT not found
AVC not found
AVG not found
AVJ not found
AVE not found
AVJ not found
AVM not found
AVD not found
AVW not found
AW1 not found
AVM not found
AX8 not found
AXI not found
AW1 not found
AXE not found
AVW not found
AX8 not found
AVL not found
AXP not found
AXE not found
AXI not found
AXP not found
AXN not found
AYA not found
AYI not found
AWJ not found
AYM not found
AYA not found
AYI not found
AZI not found
AYT not found
AYM not found
AZL not found
AXN not found
AVL not found
AZY not found
AYT not found
AZL not found
AZY not found
AWJ not found
BAS not found
B4P not found
BAT not found
AZI not found
BBL not found
BBT not found
B4P not found
BAS not found
BAT not found
BBL not found
BBT not found
BBX not found
BC8 not found
BCA not found
BBX not found
BC8 not found
BCC not found
BCT not found
BCC not found
BCN not found
BDG not found
BBC not found
BDT not found
BDX not found
BCN not found
BCA not found
BBC not found
BCT not found
BDG not found
BDX not found
BET not found
BEL not found
BDT not found
BEL not found
BET not found
BEX not found
BEZ not found
BEX not found
BEZ not found
BFC not found
BGD not found
BGT not found
BGE not found
BHD not found
BFC not found
BIM not found
BGD not found
BGE not found
BGT not found
BIM not found
BIO not found
BIR not found
BHD not found
BIS not found
BIT not found
BKG not found
BIT not found
BKT not found
BLU not found
BLG not found
BLZ not found
BKG not found
BIO not found
BM8 not found
BIR not found
BIS not found
BLU not found
BLG not found
BME not found
BLZ not found
BKT not found
BM8 not found
BMG not found
BML not found
BMH not found
BME not found
BMH not found
BMM not found
BMO not found
BMM not found
BMG not found
BML not found
BNL not found
BMT not found
BNO not found
BMR not found
BMO not found
BNO not found
BNZ not found
BNL not found
BNR not found
BOA not found
BMT not found
BOC not found
BNZ not found
BOD not found
BOA not found
BOD not found
BMR not found
BP8 not found
BOT not found
BPH not found
BOL not found
BOL not found
BOC not found
BOT not found
BPH not found
BPM not found
BPP not found
BP8 not found
BNR not found
BRI not found
BRK not found
BRL not found
BPM not found
BPP not found
BRU not found
BRI not found
BRK not found
BRL not found
BRX not found
BSA not found
BRX not found
BRU not found
BSE not found
BSA not found
BSX not found
BSE not found
BTC not found
BSN not found
BSN not found
BSX not found
BTE not found
BTI not found
BTN not found
BTI not found
BTR not found
BTE not found
BTC not found
BUB not found
BUR not found
BUS not found
BUR not found
BUB not found
BTN not found
BTR not found
BUX not found
BUS not found
BUX not found
BVR not found
BUY not found
BUY not found
BWF not found
BXN not found
BYE not found
BVR not found
BYH not found
BWF not found
C1X not found
BXN not found
BYE not found
C1X not found
C29 not found
BYH not found
C7A not found
C7A not found
CAE not found
C29 not found
CAA not found
CAF not found
CAA not found
CAE not found
CAM not found
CAG not found
CAF not found
CAI not found
CAN not found
CAQ not found
CAG not found
CAI not found
CAM not found
CAN not found
CAV not found
CAY not found
CAZ not found
CBE not found
CAZ not found
CAQ not found
CBE not found
CBL not found
CBR not found
CBH not found
CCA not found
CBY not found
CAV not found
CCE not found
CBR not found
CBY not found
CCA not found
CBL not found
CCG not found
CAY not found
CBH not found
CCO not found
CCV not found
CCR not found
CCG not found
CCE not found
CCX not found
CCZ not found
CD1 not found
CD2 not found
CCR not found
CCV not found
CD3 not found
CCX not found
CCZ not found
CCO not found
CD1 not found
CD2 not found
CDD not found
CDO not found
CD3 not found
CDR not found
CDT not found
CDX not found
CDO not found
CE1 not found
CEL not found
CG1 not found
CDT not found
CF1 not found
CDR not found
CGO not found
CDX not found
CE1 not found
CEL not found
CF1 not found
CHK not found
CG1 not found
CHL not found
CGO not found
CHM not found
CDD not found
CHR not found
CHW not found
CHK not found
CHZ not found
CIW not found
CI1 not found
CHL not found
CHM not found
CKA not found
CL8 not found
CHR not found
CHW not found
CHZ not found
CIW not found
CLE not found
CLT not found
CLA not found
CKA not found
CLU not found
CI1 not found
CLX not found
CLA not found
CLZ not found
CMD not found
CMG not found
CMO not found
CMP not found
CLT not found
CLU not found
CLX not found
CLE not found
CLZ not found
CL8 not found
CMX not found
CMD not found
CMG not found
CMO not found
CNJ not found
CNQ not found
CNB not found
CNW not found
CMP not found
COB not found
COD not found
COI not found
COO not found
COS not found
CNJ not found
CNB not found
CNW not found
CNQ not found
COB not found
COD not found
COY not found
COI not found
COO not found
CPN not found
CPO not found
CPM not found
COS not found
CPV not found
CR1 not found
CR9 not found
CRR not found
CRB not found
CMX not found
CPM not found
COY not found
CPN not found
CPO not found
CPT not found
CPV not found
CRS not found
CPT not found
CR1 not found
CR9 not found
CSF not found
CSS not found
CST not found
CRB not found
CT1 not found
CSX not found
CRR not found
CTE not found
CTN not found
CTO not found
CRS not found
CST not found
CSS not found
CSF not found
CSX not found
CT1 not found
CTP not found
CTQ not found
CTN not found
CUL not found
CUE not found
CUF not found
CTO not found
CUS not found
CUP not found
CTP not found
CVR not found
CVV not found
CWX not found
CUE not found
CUF not found
CUL not found
CTQ not found
CUP not found
CTE not found
CUS not found
CXU not found
CXM not found
CXZ not found
CY5 not found
CVR not found
CVV not found
CYG not found
CYL not found
CWX not found
CZR not found
CY5 not found
CXZ not found
CXU not found
CXM not found
CYG not found
CYL not found
CYP not found
DBO not found
DAL not found
DBF not found
CYQ not found
CYP not found
CZN not found
CZR not found
DC2 not found
CZN not found
CYQ not found
DCC not found
DAL not found
DAF not found
DBF not found
DBO not found
D2O not found
DC2 not found
DCC not found
DAF not found
DCN not found
DCG not found
DCX not found
DCG not found
DCL not found
DCL not found
DCN not found
DDB not found
DDT not found
DEM not found
DES not found
D2O not found
DCX not found
DDB not found
DDT not found
DEV not found
DEV not found
DES not found
DGH not found
DEM not found
DKM not found
DGR not found
DGH not found
DLM not found
DGR not found
DM1 not found
DKM not found
DME not found
DMG not found
DMM not found
DNA not found
DM1 not found
DOC not found
DMG not found
DLM not found
DMM not found
DOU not found
DNA not found
DME not found
DOC not found
DRA not found
DOU not found
DSK not found
DRO not found
DRE not found
DRX not found
DRA not found
DTC not found
DTI not found
DTM not found
DTR not found
DRO not found
DTM not found
DRE not found
DRX not found
DSK not found
DTC not found
DTI not found
DUB not found
DTZ not found
DTZ not found
DVL not found
DUG not found
DUG not found
DUN not found
DXB not found
DXN not found
DVR not found
DY6 not found
DUN not found
DTR not found
DVR not found
DY6 not found
DXN not found
DVL not found
DYM not found
DXB not found
E33 not found
DUB not found
EBG not found
E79 not found
E25 not found
EAX not found
ECG not found
ECL not found
ECP not found
ECS not found
E33 not found
E79 not found
EBG not found
EAX not found
DYM not found
ECG not found
ECS not found
EDC not found
ECP not found
ECL not found
EDU not found
EEG not found
EDE not found
EEL not found
EFE not found
EG1 not found
EDC not found
EDE not found
ECT not found
EDU not found
EEL not found
EEG not found
EFE not found
EG1 not found
EGH not found
EGG not found
EGH not found
EGN not found
EGL not found
EGY not found
EIQ not found
EL8 not found
EGG not found
ECT not found
EGL not found
EGN not found
ELE not found
EIQ not found
EGY not found
EGR not found
EL8 not found
ELS not found
ELS not found
EGR not found
ELT not found
EM2 not found
EMB not found
EMC not found
EMD not found
ELE not found
EM2 not found
EME not found
ELT not found
EMB not found
EMH not found
EME not found
EMH not found
EMD not found
EMN not found
EMC not found
EMP not found
EMP not found
EMS not found
EMT not found
EMU not found
EMV not found
EMT not found
EMN not found
EMS not found
ENA not found
EMU not found
ENR not found
EMV not found
ENT not found
ENA not found
ENR not found
ENT not found
ENV not found
ENX not found
EOF not found
ENV not found
EOL not found
EOL not found
ENX not found
EOS not found
EOS not found
EPM not found
EP1 not found
EP1 not found
E25 not found
EPM not found
EOF not found
EPN not found
EPY not found
EQR not found
EQN not found
EQX not found
EPY not found
EQR not found
ERD not found
ERL not found
EQS not found
ERL not found
ERG not found
ERD not found
EQS not found
EPN not found
ERM not found
EPX not found
EPX not found
ERM not found
ERW not found
ESK not found
ESR not found
EQN not found
EQX not found
ERG not found
ESK not found
ESS not found
ESR not found
EUR not found
ETM not found
EV1 not found
ETR not found
ETM not found
ERW not found
ETR not found
EUR not found
EVO not found
EVG not found
ESS not found
EVS not found
EVE not found
EV1 not found
EVG not found
EVR not found
EVZ not found
EVO not found
EX1 not found
EVZ not found
EXL not found
EXR not found
EXP not found
EVS not found
EVE not found
EXL not found
EVR not found
EZL not found
EYE not found
EZZ not found
EX1 not found
EXR not found
EXP not found
EYE not found
FAL not found
EZZ not found
FAL not found
FAR not found
FAU not found
FAR not found
FAU not found
FBR not found
FBM not found
FBM not found
FDR not found
FDV not found
FEG not found
FEX not found
FBR not found
EZL not found
FCT not found
FDR not found
FDV not found
FEG not found
FFF not found
FFG not found
FCT not found
FG1 not found
FEX not found
FFI not found
FFT not found
FGL not found
FGR not found
FHE not found
FID not found
FFG not found
FFF not found
FFT not found
FG1 not found
FGR not found
FHE not found
FGL not found
FID not found
FIN not found
FLC not found
FLN not found
FFI not found
FLX not found
FME not found
FIN not found
FND not found
FML not found
FMS not found
FNX not found
FLC not found
FOR not found
FLN not found
FME not found
FLX not found
FML not found
FOS not found
FMS not found
FNX not found
FPC not found
FND not found
FPP not found
FOR not found
FRE not found
FRI not found
FRB not found
FRX not found
FRS not found
FPC not found
FRM not found
FSA not found
FRE not found
FPP not found
FRX not found
FSG not found
FRI not found
FSI not found
FRS not found
FRB not found
FRM not found
FOS not found
FTC not found
FSA not found
FXG not found
FTL not found
FTZ not found
FYI not found
G50 not found
G1A not found
FSG not found
FTC not found
FSI not found
FXG not found
G6M not found
FZR not found
FTL not found
FTZ not found
FYI not found
G88 not found
GAL not found
G50 not found
GAP not found
GBE not found
FZR not found
G1A not found
GAS not found
GBR not found
GBZ not found
GC1 not found
G6M not found
G88 not found
GAL not found
GAP not found
GCM not found
GBR not found
GBE not found
GAS not found
GCR not found
GBZ not found
GC1 not found
GDA not found
GCY not found
GEN not found
GFL not found
GED not found
GDC not found
GES not found
GCR not found
GDA not found
GFN not found
GCX not found
GDC not found
GEN not found
GGE not found
GES not found
GCM not found
GED not found
GGX not found
GFL not found
GHY not found
GIB not found
GLA not found
GLB not found
GLH not found
GLE not found
GCX not found
GFN not found
GCY not found
GGE not found
GLL not found
GLV not found
GGX not found
GML not found
GHY not found
GLB not found
GLA not found
GIB not found
GMN not found
GLE not found
GMR not found
GNM not found
GOW not found
GPR not found
GNP not found
GRE not found
GLL not found
GLH not found
GML not found
GLV not found
GRL not found
GMN not found
GMR not found
GSM not found
GOW not found
GNP not found
GSN not found
GSR not found
GT1 not found
GSS not found
GTE not found
GTI not found
GTG not found
GRE not found
GRL not found
GRV not found
GSM not found
GRV not found
GTN not found
GSN not found
GSR not found
GNM not found
GTR not found
GPR not found
GUL not found
GSS not found
GT1 not found
GVF not found
GWR not found
H2G not found
GW1 not found
HAL not found
HAR not found
GTE not found
GTG not found
GTI not found
GTN not found
HAS not found
HAV not found
GTR not found
HAW not found
GUL not found
GVF not found
HCD not found
GW1 not found
H2G not found
GWR not found
HCT not found
HE8 not found
HFR not found
HCF not found
HAR not found
HAL not found
HFY not found
HCH not found
HAS not found
HAV not found
HGL not found
HGO not found
HAW not found
HGV not found
HCF not found
HHR not found
HCH not found
HE8 not found
HCT not found
HIO not found
HIT not found
HFR not found
HFY not found
HLA not found
HIQ not found
HLX not found
HMD not found
HGL not found
HGO not found
HMG not found
HMI not found
HGV not found
HCD not found
HMX not found
HIO not found
HMY not found
HHR not found
HIT not found
HNG not found
HNR not found
HPG not found
HLA not found
HOR not found
HLX not found
HPC not found
HPP not found
HMG not found
HMD not found
HPR not found
HRE not found
HMI not found
HMX not found
HRN not found
HIQ not found
HNG not found
HRZ not found
HMY not found
HNR not found
HT8 not found
HTG not found
HXL not found
HTM not found
HYD not found
HVY not found
HPG not found
HOR not found
HPC not found
HPP not found
HYT not found
HZR not found
HPR not found
HRE not found
HRZ not found
IAM not found
HRN not found
IBC not found
HT8 not found
HTG not found
IBG not found
IBX not found
ICI not found
ICE not found
ICG not found
ICL not found
ICR not found
HVY not found
HYD not found
HXL not found
HYT not found
HZR not found
IBC not found
ID8 not found
IAM not found
IDA not found
IBG not found
IBX not found
IDT not found
IEC not found
HTM not found
IEQ not found
IG6 not found
IIQ not found
IGN not found
IHL not found
ICE not found
ICI not found
ICN not found
ICG not found
IKE not found
ICR not found
ICL not found
ID8 not found
IDA not found
ILA not found
IDT not found
ILT not found
IMA not found
IMC not found
IMB not found
IEC not found
ICN not found
IEQ not found
IGN not found
IG6 not found
ILA not found
IME not found
INF not found
IKE not found
IMR not found
IIQ not found
IMI not found
INL not found
IHL not found
INP not found
INV not found
IOD not found
IMA not found
IPB not found
IMB not found
IMC not found
ILT not found
IND not found
IME not found
IND not found
IPC not found
IRI not found
IR1 not found
INL not found
IRD not found
INF not found
IRX not found
ITM not found
IS3 not found
INP not found
IVR not found
INV not found
IOD not found
IMI not found
IPB not found
IVT not found
IMR not found
IPC not found
IPT not found
IPT not found
IVX not found
IR1 not found
IVZ not found
IXR not found
IRD not found
IXU not found
JAN not found
IXC not found
JAL not found
IRI not found
JAT not found
IRX not found
IS3 not found
JAV not found
IVR not found
ITM not found
IVX not found
IVT not found
JAY not found
JCS not found
IVZ not found
IXC not found
JGH not found
IXR not found
JNO not found
JPR not found
JRL not found
JRV not found
JTL not found
JXT not found
IXU not found
JAL not found
JAN not found
JAT not found
JAV not found
JYC not found
JCS not found
JAY not found
K2F not found
KAI not found
JGH not found
KAU not found
KAL not found
KED not found
KBC not found
KAM not found
KAT not found
JNO not found
KCC not found
JTL not found
JPR not found
JXT not found
JYC not found
KFM not found
KEY not found
KAI not found
KGD not found
K2F not found
JRL not found
KAL not found
KGL not found
KIL not found
KIN not found
JRV not found
KME not found
KLI not found
KLR not found
KKO not found
KAT not found
KAU not found
KCC not found
KBC not found
KNB not found
KED not found
KNI not found
KNG not found
KEY not found
KGD not found
KFM not found
KOB not found
KNO not found
KAM not found
KNM not found
KGL not found
KP2 not found
KOV not found
KOR not found
KPO not found
KIL not found
KLI not found
KKO not found
KIN not found
KLR not found
KRM not found
KRR not found
KSN not found
KME not found
KNG not found
KNB not found
KZA not found
KNI not found
KNM not found
KTA not found
KYP not found
L1M not found
KZR not found
LAM not found
KOB not found
KNO not found
LBL not found
KOR not found
KOV not found
LBT not found
LCE not found
KP2 not found
LCL not found
KPO not found
KRM not found
KRR not found
LCT not found
LCY not found
KSN not found
KTA not found
LDR not found
LER not found
L1M not found
LEG not found
KYP not found
LEL not found
LDX not found
KZR not found
KZA not found
LEX not found
LGM not found
LGP not found
LAM not found
LBL not found
LBT not found
LCE not found
LHM not found
LCL not found
LIO not found
LIS not found
LCT not found
LIT not found
LCY not found
LKY not found
LDR not found
LKO not found
LLO not found
LDX not found
LM1 not found
LEG not found
LM8 not found
LME not found
LEL not found
An error occurred for MMI: ('conflict', 'Document update conflict.')
An error occurred for NTL: ('conflict', 'Document update conflict.')
An error occurred for NTI: ('conflict', 'Document update conflict.')
An error occurred for NXS: ('conflict', 'Document update conflict.')
An error occurred for OCC: ('conflict', 'Document update conflict.')
An error occurred for OEC: ('conflict', 'Document update conflict.')
An error occurred for OM1: ('conflict', 'Document update conflict.')
An error occurred for OMA: ('conflict', 'Document update conflict.')
An error occurred for OSX: ('conflict', 'Document update conflict.')
An error occurred for PCG: ('conflict', 'Document update conflict.')
An error occurred for PAN: ('conflict', 'Document update conflict.')
An error occurred for PCK: ('conflict', 'Document update conflict.')
An error occurred for PFT: ('conflict', 'Document update conflict.')
An error occurred for PHO: ('conflict', 'Document update conflict.')
An error occurred for PIQ: ('conflict', 'Document update conflict.')
An error occurred for PIM: ('conflict', 'Document update conflict.')
An error occurred for PNC: ('conflict', 'Document update conflict.')
An error occurred for PNN: ('conflict', 'Document update conflict.')
An error occurred for PNM: ('conflict', 'Document update conflict.')
An error occurred for PRM: ('conflict', 'Document update conflict.')
An error occurred for PR1: ('conflict', 'Document update conflict.')
An error occurred for PSC: ('conflict', 'Document update conflict.')
An error occurred for PRX: ('conflict', 'Document update conflict.')
An error occurred for PPY: ('conflict', 'Document update conflict.')
An error occurred for PTX: ('conflict', 'Document update conflict.')
An error occurred for PVL: ('conflict', 'Document update conflict.')
An error occurred for PVE: ('conflict', 'Document update conflict.')
An error occurred for PUA: ('conflict', 'Document update conflict.')
An error occurred for PV1: ('conflict', 'Document update conflict.')
An error occurred for QHL: ('conflict', 'Document update conflict.')
An error occurred for PYR: ('conflict', 'Document update conflict.')
An error occurred for QUE: ('conflict', 'Document update conflict.')
An error occurred for R8R: ('conflict', 'Document update conflict.')
An error occurred for RAG: ('conflict', 'Document update conflict.')
An error occurred for RAS: ('conflict', 'Document update conflict.')
An error occurred for RBX: ('conflict', 'Document update conflict.')
An error occurred for RDG: ('conflict', 'Document update conflict.')
An error occurred for RCW: ('conflict', 'Document update conflict.')
An error occurred for RCR: ('conflict', 'Document update conflict.')
An error occurred for RCE: ('conflict', 'Document update conflict.')
An error occurred for RCL: ('conflict', 'Document update conflict.')
An error occurred for RDS: ('conflict', 'Document update conflict.')
An error occurred for REE: ('conflict', 'Document update conflict.')
An error occurred for REZ: ('conflict', 'Document update conflict.')
An error occurred for RFG: ('conflict', 'Document update conflict.')
An error occurred for REY: ('conflict', 'Document update conflict.')
An error occurred for REX: ('conflict', 'Document update conflict.')
An error occurred for RFT: ('conflict', 'Document update conflict.')
An error occurred for RGS: ('conflict', 'Document update conflict.')
An error occurred for RIE: ('conflict', 'Document update conflict.')
An error occurred for RKN: ('conflict', 'Document update conflict.')
An error occurred for RKT: ('conflict', 'Document update conflict.')
An error occurred for RLC: ('conflict', 'Document update conflict.')
An error occurred for RMI: ('conflict', 'Document update conflict.')
An error occurred for RML: ('conflict', 'Document update conflict.')
An error occurred for RNE: ('conflict', 'Document update conflict.')
An error occurred for ROG: ('conflict', 'Document update conflict.')
An error occurred for RRR: ('conflict', 'Document update conflict.')
An error occurred for RTG: ('conflict', 'Document update conflict.')
An error occurred for RSH: ('conflict', 'Document update conflict.')
An error occurred for RVT: ('conflict', 'Document update conflict.')
An error occurred for RWD: ('conflict', 'Document update conflict.')
An error occurred for RWL: ('conflict', 'Document update conflict.')
An error occurred for RXM: ('conflict', 'Document update conflict.')
An error occurred for RXH: ('conflict', 'Document update conflict.')
An error occurred for RYD: ('conflict', 'Document update conflict.')
An error occurred for S3N: ('conflict', 'Document update conflict.')
An error occurred for SAU: ('conflict', 'Document update conflict.')
An error occurred for S66: ('conflict', 'Document update conflict.')
An error occurred for SAN: ('conflict', 'Document update conflict.')
An error occurred for SBW: ('conflict', 'Document update conflict.')
An error occurred for SB2: ('conflict', 'Document update conflict.')
An error occurred for SCT: ('conflict', 'Document update conflict.')
An error occurred for SDV: ('conflict', 'Document update conflict.')
An error occurred for SDI: ('conflict', 'Document update conflict.')
An error occurred for SEC: ('conflict', 'Document update conflict.')
An error occurred for SEG: ('conflict', 'Document update conflict.')
An error occurred for SER: ('conflict', 'Document update conflict.')
An error occurred for SEQ: ('conflict', 'Document update conflict.')
An error occurred for SFG: ('conflict', 'Document update conflict.')
An error occurred for SGA: ('conflict', 'Document update conflict.')
An error occurred for SGC: ('conflict', 'Document update conflict.')
An error occurred for SGI: ('conflict', 'Document update conflict.')
An error occurred for SHA: ('conflict', 'Document update conflict.')
An error occurred for SHE: ('conflict', 'Document update conflict.')
An error occurred for SHJ: ('conflict', 'Document update conflict.')
An error occurred for SHN: ('conflict', 'Document update conflict.')
An error occurred for SHO: ('conflict', 'Document update conflict.')
An error occurred for SHP: ('conflict', 'Document update conflict.')
An error occurred for SIH: ('conflict', 'Document update conflict.')
An error occurred for SIO: ('conflict', 'Document update conflict.')
An error occurred for SIS: ('conflict', 'Document update conflict.')
An error occurred for SIV: ('conflict', 'Document update conflict.')
An error occurred for SIX: ('conflict', 'Document update conflict.')
An error occurred for SKF: ('conflict', 'Document update conflict.')
An error occurred for SKS: ('conflict', 'Document update conflict.')
An error occurred for SLA: ('conflict', 'Document update conflict.')
An error occurred for SKN: ('conflict', 'Document update conflict.')
An error occurred for SLB: ('conflict', 'Document update conflict.')
An error occurred for SLH: ('conflict', 'Document update conflict.')
An error occurred for SLZ: ('conflict', 'Document update conflict.')
An error occurred for SMS: ('conflict', 'Document update conflict.')
An error occurred for SMN: ('conflict', 'Document update conflict.')
An error occurred for SND: ('conflict', 'Document update conflict.')
An error occurred for SNS: ('conflict', 'Document update conflict.')
An error occurred for SNX: ('conflict', 'Document update conflict.')
An error occurred for SOM: ('conflict', 'Document update conflict.')
An error occurred for SOR: ('conflict', 'Document update conflict.')
An error occurred for SP3: ('conflict', 'Document update conflict.')
An error occurred for SOV: ('conflict', 'Document update conflict.')
An error occurred for SPA: ('conflict', 'Document update conflict.')
An error occurred for SPL: ('conflict', 'Document update conflict.')
An error occurred for SPQ: ('conflict', 'Document update conflict.')
An error occurred for SPT: ('conflict', 'Document update conflict.')
An error occurred for SRK: ('conflict', 'Document update conflict.')
An error occurred for SRN: ('conflict', 'Document update conflict.')
An error occurred for SRY: ('conflict', 'Document update conflict.')
An error occurred for SRX: ('conflict', 'Document update conflict.')
An error occurred for SRZ: ('conflict', 'Document update conflict.')
An error occurred for ST1: ('conflict', 'Document update conflict.')
An error occurred for STK: ('conflict', 'Document update conflict.')
An error occurred for STM: ('conflict', 'Document update conflict.')
An error occurred for SUH: ('conflict', 'Document update conflict.')
An error occurred for SUV: ('conflict', 'Document update conflict.')
An error occurred for SVY: ('conflict', 'Document update conflict.')
An error occurred for SVG: ('conflict', 'Document update conflict.')
An error occurred for SXG: ('conflict', 'Document update conflict.')
An error occurred for SZL: ('conflict', 'Document update conflict.')
An error occurred for T3D: ('conflict', 'Document update conflict.')
An error occurred for T92: ('conflict', 'Document update conflict.')
An error occurred for TAM: ('conflict', 'Document update conflict.')
An error occurred for TCO: ('conflict', 'Document update conflict.')
An error occurred for TD1: ('conflict', 'Document update conflict.')
An error occurred for TEE: ('conflict', 'Document update conflict.')
An error occurred for TEG: ('conflict', 'Document update conflict.')
An error occurred for TCG: ('conflict', 'Document update conflict.')
An error occurred for TEM: ('conflict', 'Document update conflict.')
An error occurred for TGH: ('conflict', 'Document update conflict.')
An error occurred for TGM: ('conflict', 'Document update conflict.')
An error occurred for TGP: ('conflict', 'Document update conflict.')
An error occurred for THR: ('conflict', 'Document update conflict.')
An error occurred for TIP: ('conflict', 'Document update conflict.')
An error occurred for TMB: ('conflict', 'Document update conflict.')
An error occurred for TKM: ('conflict', 'Document update conflict.')
An error occurred for TLM: ('conflict', 'Document update conflict.')
An error occurred for TKL: ('conflict', 'Document update conflict.')
An error occurred for TMK: ('conflict', 'Document update conflict.')
An error occurred for TMS: ('conflict', 'Document update conflict.')
An error occurred for TMR: ('conflict', 'Document update conflict.')
An error occurred for TNC: ('conflict', 'Document update conflict.')
An error occurred for TNT: ('conflict', 'Document update conflict.')
An error occurred for TOU: ('conflict', 'Document update conflict.')
An error occurred for TOY: ('conflict', 'Document update conflict.')
An error occurred for TPD: ('conflict', 'Document update conflict.')
An error occurred for TSO: ('conflict', 'Document update conflict.')
An error occurred for TTM: ('conflict', 'Document update conflict.')
An error occurred for TVN: ('conflict', 'Document update conflict.')
An error occurred for TTT: ('conflict', 'Document update conflict.')
An error occurred for TVL: ('conflict', 'Document update conflict.')
An error occurred for TWD: ('conflict', 'Document update conflict.')
An error occurred for TZN: ('conflict', 'Document update conflict.')
An error occurred for UBI: ('conflict', 'Document update conflict.')
An error occurred for USL: ('conflict', 'Document update conflict.')
An error occurred for UCM: ('conflict', 'Document update conflict.')
An error occurred for VAR: ('conflict', 'Document update conflict.')
An error occurred for VBC: ('conflict', 'Document update conflict.')
An error occurred for VIG: ('conflict', 'Document update conflict.')
An error occurred for VR1: ('conflict', 'Document update conflict.')
An error occurred for VN8: ('conflict', 'Document update conflict.')
An error occurred for VPR: ('conflict', 'Document update conflict.')
An error occurred for VTX: ('conflict', 'Document update conflict.')
An error occurred for VTI: ('conflict', 'Document update conflict.')
An error occurred for VVA: ('conflict', 'Document update conflict.')
An error occurred for WA8: ('conflict', 'Document update conflict.')
An error occurred for WAA: ('conflict', 'Document update conflict.')
An error occurred for WAR: ('conflict', 'Document update conflict.')
An error occurred for WBE: ('conflict', 'Document update conflict.')
An error occurred for WEC: ('conflict', 'Document update conflict.')
An error occurred for WFL: ('conflict', 'Document update conflict.')
An error occurred for WGN: ('conflict', 'Document update conflict.')
An error occurred for WIA: ('conflict', 'Document update conflict.')
An error occurred for WKT: ('conflict', 'Document update conflict.')
An error occurred for WMA: ('conflict', 'Document update conflict.')
An error occurred for WML: ('conflict', 'Document update conflict.')
An error occurred for WSR: ('conflict', 'Document update conflict.')
An error occurred for WYX: ('conflict', 'Document update conflict.')
An error occurred for WTL: ('conflict', 'Document update conflict.')
An error occurred for XTC: ('conflict', 'Document update conflict.')
An error occurred for XTE: ('conflict', 'Document update conflict.')
An error occurred for YOW: ('conflict', 'Document update conflict.')
An error occurred for YPB: ('conflict', 'Document update conflict.')
An error occurred for Z2U: ('conflict', 'Document update conflict.')
An error occurred for ZMI: ('conflict', 'Document update conflict.')
An error occurred for ZNO: ('conflict', 'Document update conflict.')
1MC not found
1AG not found
1AE not found
3DP not found
1TT not found
14D not found
4DS not found
5GG not found
88E not found
8CO not found
8IH not found
8VI not found
92E not found
A1M not found
A2B not found
A1G not found
A3D not found
A8G not found
AAU not found
AAR not found
AAP not found
ABE not found
ABV not found
ABX not found
ACB not found
ABY not found
AAJ not found
ACE not found
ACQ not found
ACF not found
ACM not found
ACP not found
ACR not found
ACS not found
ACU not found
ACW not found
AD1 not found
ADA not found
ADC not found
ADG not found
ADN not found
ADD not found
ADV not found
ADS not found
ADO not found
ADX not found
ADY not found
AER not found
AEE not found
ADR not found
AEI not found
AFW not found
AFA not found
AFL not found
AGC not found
AEV not found
AGD not found
AGE not found
AGN not found
AGR not found
AGH not found
AHC not found
AHF not found
AHI not found
AHK not found
AHL not found
AHN not found
AHX not found
AII not found
AIM not found
AIQ not found
AIV not found
AJL not found
AJX not found
AJQ not found
AJY not found
AKG not found
AKO not found
AL3 not found
AL8 not found
ALB not found
ALC not found
ALA not found
ALO not found
AKM not found
AKN not found
ALY not found
ALV not found
AM7 not found
AMA not found
AMD not found
AME not found
ALM not found
AMI not found
AML not found
AMM not found
AMN not found
AMO not found
AMT not found
AMX not found
ANG not found
AND not found
ANL not found
ANO not found
ANP not found
ANX not found
ANR not found
AN1 not found
AO1 not found
AOA not found
APC not found
AON not found
APL not found
APS not found
APW not found
AQC not found
AQD not found
AQI not found
AQS not found
AQN not found
AR1 not found
AR3 not found
AR9 not found
ARA not found
ARC not found
ARE not found
ARD not found
ARL not found
ARO not found
ARN not found
ART not found
ARV not found
AS2 not found
ASH not found
ASO not found
ASP not found
ARR not found
ASR not found
ASQ not found
ASW not found
AT1 not found
ATC not found
ATH not found
ASN not found
ATP not found
ATR not found
ATS not found
ATX not found
AU1 not found
AUA not found
AUC not found
AUE not found
AUG not found
AUH not found
AUK not found
AUN not found
ATV not found
AUQ not found
AUR not found
AUT not found
AUZ not found
AV1 not found
AVA not found
AVC not found
AVD not found
AVG not found
AVE not found
AVJ not found
AVL not found
AVW not found
AW1 not found
AWJ not found
AX8 not found
AXE not found
AYA not found
AVM not found
AXI not found
AXP not found
AYI not found
AXN not found
AYM not found
AYT not found
AZI not found
BAS not found
AZY not found
BBC not found
BAT not found
BBL not found
B4P not found
AZL not found
BBT not found
BBX not found
BCA not found
BCT not found
BCC not found
BDX not found
BEL not found
BCN not found
BDG not found
BDT not found
BC8 not found
BET not found
BEX not found
BEZ not found
BIM not found
BGT not found
BGE not found
BHD not found
BGD not found
BIO not found
BIR not found
BIS not found
BIT not found
BFC not found
BME not found
BKT not found
BM8 not found
BLZ not found
BKG not found
BLG not found
BLU not found
BMG not found
BMH not found
BML not found
BMR not found
BMM not found
BNL not found
BMO not found
BMT not found
BNZ not found
BNR not found
BNO not found
BOA not found
BPH not found
BOC not found
BPM not found
BPP not found
BRI not found
BOT not found
BOD not found
BP8 not found
BOL not found
BRK not found
BRU not found
BTE not found
BSA not found
BSN not found
BRL not found
BSE not found
BTC not found
BRX not found
BSX not found
BTI not found
BTN not found
BTR not found
BUB not found
BUS not found
BUY not found
BUR not found
BVR not found
BWF not found
BUX not found
BXN not found
BYE not found
C1X not found
BYH not found
C7A not found
C29 not found
CAG not found
CAF not found
CAE not found
CAA not found
CAI not found
CAM not found
CAN not found
CAV not found
CAZ not found
CBH not found
CAY not found
CAQ not found
CBE not found
CBL not found
CBR not found
CBY not found
CCA not found
CCE not found
CCG not found
CCO not found
CCR not found
CCV not found
CCZ not found
CCX not found
CD1 not found
CD2 not found
CD3 not found
CDD not found
CDO not found
CDR not found
CE1 not found
CEL not found
CF1 not found
CG1 not found
CGO not found
CHK not found
CDX not found
CDT not found
CHM not found
CHL not found
CHR not found
CHW not found
CHZ not found
CI1 not found
CIW not found
CKA not found
CLT not found
CLA not found
CLE not found
CL8 not found
CLX not found
CLU not found
CLZ not found
CMD not found
CMG not found
CMO not found
CMX not found
CMP not found
CNB not found
CNJ not found
CNQ not found
CNW not found
COB not found
COD not found
COI not found
COO not found
COS not found
CPM not found
COY not found
CPN not found
CPT not found
CPO not found
CPV not found
CR1 not found
CR9 not found
CRB not found
CRR not found
CRS not found
CSF not found
CSS not found
CSX not found
CST not found
CT1 not found
CTE not found
CTN not found
CTO not found
CTP not found
CUE not found
CTQ not found
CUF not found
CUL not found
CUS not found
CVR not found
CVV not found
CWX not found
CXU not found
CXZ not found
CXM not found
CUP not found
CY5 not found
CYG not found
CYL not found
CYP not found
CYQ not found
CZN not found
CZR not found
D2O not found
DAF not found
DAL not found
DBO not found
DC2 not found
DCC not found
DCG not found
DCL not found
DBF not found
DCN not found
DDT not found
DCX not found
DDB not found
DEM not found
DES not found
DEV not found
DGH not found
DLM not found
DM1 not found
DGR not found
DME not found
DMG not found
DMM not found
DNA not found
DOC not found
DRA not found
DOU not found
DRE not found
DRX not found
DRO not found
DSK not found
DTC not found
DTI not found
DKM not found
DTM not found
DTR not found
DTZ not found
DUG not found
DVL not found
DUN not found
DUB not found
DVR not found
DXB not found
DXN not found
DY6 not found
E25 not found
DYM not found
EBG not found
E79 not found
EAX not found
E33 not found
ECG not found
ECL not found
ECP not found
ECS not found
ECT not found
EDE not found
EDC not found
EDU not found
EEG not found
EEL not found
EFE not found
EGH not found
EGG not found
EGL not found
EGN not found
EGR not found
EGY not found
EL8 not found
EIQ not found
EG1 not found
ELE not found
ELS not found
ELT not found
EM2 not found
EMC not found
EMD not found
EME not found
EMH not found
EMN not found
EMP not found
EMS not found
EMT not found
EMU not found
EMB not found
EMV not found
ENA not found
ENR not found
ENT not found
ENX not found
ENV not found
EOF not found
EOL not found
EOS not found
EP1 not found
EPM not found
EPN not found
EPX not found
EPY not found
EQR not found
EQN not found
EQS not found
EQX not found
ERD not found
ERG not found
ERL not found
ERM not found
ESK not found
ESR not found
ERW not found
ESS not found
ETM not found
EUR not found
EVG not found
EVE not found
EVO not found
EV1 not found
EVS not found
EVZ not found
ETR not found
EX1 not found
EXL not found
EVR not found
EXP not found
EYE not found
EZL not found
EXR not found
EZZ not found
FAL not found
FAR not found
FAU not found
FBM not found
FBR not found
FDR not found
FEX not found
FCT not found
FFF not found
FDV not found
FFG not found
FFT not found
FG1 not found
FEG not found
FFI not found
FGL not found
FIN not found
FID not found
FGR not found
FLC not found
FLN not found
FHE not found
FLX not found
FME not found
FML not found
FMS not found
FOR not found
FND not found
FNX not found
FPP not found
FOS not found
FPC not found
FRB not found
FRE not found
FRI not found
FRS not found
FRM not found
FRX not found
FSA not found
FTC not found
FSI not found
FSG not found
FTL not found
FTZ not found
FYI not found
G1A not found
G50 not found
G88 not found
FZR not found
G6M not found
FXG not found
GAL not found
GAP not found
GAS not found
GBR not found
GCR not found
GCX not found
GCY not found
GC1 not found
GBZ not found
GBE not found
GDC not found
GDA not found
GCM not found
GED not found
GES not found
GEN not found
GFL not found
GFN not found
GGX not found
GGE not found
GIB not found
GHY not found
GLA not found
GLE not found
GLH not found
GLB not found
GLL not found
GML not found
GMN not found
GMR not found
GNM not found
GLV not found
GNP not found
GOW not found
GRE not found
GRL not found
GRV not found
GSM not found
GSR not found
GSN not found
GPR not found
GT1 not found
GSS not found
GTG not found
GTE not found
GTI not found
GTR not found
GVF not found
GW1 not found
GTN not found
GUL not found
H2G not found
GWR not found
HAS not found
HAL not found
HAR not found
HAV not found
HCD not found
HCF not found
HAW not found
HE8 not found
HCH not found
HCT not found
HGL not found
HFY not found
HFR not found
HGO not found
HGV not found
HIO not found
HHR not found
HLA not found
HIQ not found
HIT not found
HMG not found
HMD not found
HLX not found
HMI not found
HMX not found
HNG not found
HMY not found
HNR not found
HOR not found
HPC not found
HPP not found
HPR not found
HPG not found
HRE not found
HRN not found
HRZ not found
HT8 not found
HTG not found
HYT not found
HYD not found
HXL not found
HTM not found
HVY not found
HZR not found
IBC not found
IBG not found
IBX not found
IAM not found
ICE not found
ICG not found
ICI not found
ICL not found
ICN not found
ICR not found
IDA not found
ID8 not found
IDT not found
IEC not found
IG6 not found
IEQ not found
IGN not found
IHL not found
IIQ not found
IKE not found
ILT not found
ILA not found
IMB not found
IME not found
IMC not found
IMA not found
IMI not found
IMR not found
IND not found
INF not found
INL not found
INP not found
IPB not found
IOD not found
INV not found
IPT not found
IPC not found
IRD not found
IR1 not found
IRI not found
IRX not found
IS3 not found
ITM not found
IVR not found
IVT not found
IVX not found
IVZ not found
IXC not found
IXR not found
JAL not found
JAN not found
IXU not found
JAY not found
JAV not found
JAT not found
JCS not found
JGH not found
JNO not found
JTL not found
JRV not found
JRL not found
JYC not found
JXT not found
K2F not found
KAI not found
KAL not found
JPR not found
KBC not found
KAM not found
KAU not found
KCC not found
KFM not found
KED not found
KEY not found
KAT not found
KGL not found
KKO not found
KIL not found
KIN not found
KLI not found
KME not found
KLR not found
KGD not found
KNB not found
KNG not found
KNM not found
KNO not found
KOB not found
KNI not found
KPO not found
KOV not found
KOR not found
KP2 not found
KRM not found
KRR not found
KSN not found
KTA not found
KZR not found
LBL not found
L1M not found
LAM not found
KZA not found
LBT not found
LCE not found
KYP not found
LCL not found
LCT not found
LCY not found
LDX not found
LDR not found
LEL not found
LEG not found
LER not found
LEX not found
LGM not found
LGP not found
LHM not found
LIO not found
LKY not found
LLO not found
LIT not found
LKO not found
LIS not found
LM8 not found
LM1 not found
LME not found
LMG not found
LML not found
LPD not found
LNR not found
LOM not found
LNU not found
LPE not found
LRD not found
LPM not found
LRK not found
LRL not found
LRT not found
LSA not found
LV1 not found
LRV not found
LSR not found
LSX not found
LVE not found
LYN not found
LYK not found
LVT not found
LVH not found
M4M not found
M2R not found
M24 not found
M2M not found
M3M not found
MAG not found
MAP not found
MAT not found
MAN not found
MAM not found
MBK not found
MBX not found
MAU not found
MCA not found
MBH not found
MCE not found
MCP not found
MCL not found
MCM not found
MCT not found
MDR not found
MDI not found
ME1 not found
MEB not found
MEA not found
MEC not found
MEK not found
MEG not found
MDX not found
MEU not found
MEM not found
MGV not found
MGT not found
MGA not found
MFD not found
MGL not found
MGU not found
MHC not found
MEL not found
MHI not found
MHK not found
MI6 not found
MIL not found
MIO not found
MKG not found
MKL not found
MKR not found
MLG not found
MLM not found
MM1 not found
MLS not found
MMA not found
MM8 not found
MMC not found
MME not found
MMI not found
MMM not found
MNS not found
MNB not found
MOB not found
MOH not found
MOM not found
MOV not found
MPA not found
MOZ not found
MPP not found
MPG not found
MPR not found
MPX not found
MQR not found
MRC not found
MRD not found
MRI not found
MRL not found
MRQ not found
MRR not found
MRZ not found
MSG not found
MSV not found
MTB not found
MTC not found
MTM not found
MTO not found
MTL not found
MVL not found
MSI not found
MVP not found
MWY not found
MX1 not found
MTH not found
MXC not found
MXI not found
MXO not found
MXR not found
MYE not found
MYG not found
MZZ not found
N1H not found
NAC not found
NAG not found
NAE not found
NAM not found
NC6 not found
NC1 not found
NCC not found
NES not found
NET not found
NFL not found
NGE not found
NGS not found
NGL not found
NGX not found
NHE not found
NIS not found
NKL not found
NME not found
NMR not found
NNG not found
NNL not found
NOL not found
NIM not found
NGY not found
NOR not found
NOU not found
NOV not found
NOX not found
NPM not found
NRX not found
NRZ not found
NSC not found
NSM not found
NSX not found
NSB not found
NTD not found
NTI not found
NTL not found
NTM not found
NTU not found
NUC not found
NVA not found
NUH not found
NWC not found
NWM not found
NXS not found
NXM not found
NYM not found
NYR not found
NVU not found
NZK not found
NZM not found
NZS not found
NZO not found
OAK not found
OAU not found
OAR not found
OCC not found
OD6 not found
OCT not found
OCN not found
ODA not found
ODE not found
ODM not found
OEC not found
ODY not found
OEL not found
OEQ not found
OJC not found
OIL not found
OKJ not found
OKR not found
OLH not found
OLL not found
OM1 not found
OLY not found
OMA not found
OMX not found
OPL not found
ONE not found
OLI not found
OPN not found
ORN not found
ORR not found
OSM not found
OSL not found
OSX not found
OZM not found
OXT not found
OZZ not found
PAA not found
PAB not found
PAM not found
PAT not found
PAN not found
PCG not found
PCK not found
PEB not found
PCL not found
PEC not found
PEK not found
PEX not found
PFE not found
PFG not found
PFT not found
PGC not found
PGL not found
PGD not found
PGM not found
PGO not found
PET not found
PGY not found
PH2 not found
PIL not found
PHO not found
PHL not found
PIM not found
PIQ not found
PKD not found
PL3 not found
PKO not found
PLG not found
PLT not found
PNC not found
PLY not found
PNM not found
PNT not found
PNX not found
PNN not found
POD not found
POL not found
PPG not found
PPY not found
PPL not found
PPK not found
PR1 not found
PRM not found
PRO not found
PRS not found
PRX not found
POS not found
PSC not found
PTL not found
PSL not found
PTR not found
PTX not found
PV1 not found
PUR not found
PUA not found
PVE not found
PVT not found
PVL not found
PVW not found
PVS not found
PWN not found
PXS not found
PXX not found
QEM not found
PYR not found
QHL not found
QFE not found
QUE not found
QIP not found
QML not found
QPM not found
QXR not found
R8R not found
R3D not found
RAD not found
RAG not found
RAS not found
RB6 not found
RBL not found
RBX not found
RBR not found
RC1 not found
RCE not found
RCL not found
RCR not found
RCT not found
RCW not found
RDN not found
RDG not found
RDM not found
RDS not found
REC not found
REE not found
REX not found
REM not found
REY not found
RFG not found
RFA not found
RFT not found
RFX not found
REZ not found
RGL not found
RGS not found
RHY not found
RHT not found
RIE not found
RKT not found
RKN not found
RIM not found
RLF not found
RLC not found
RLG not found
RMI not found
RNE not found
RNT not found
RND not found
RNO not found
RML not found
ROC not found
ROG not found
RON not found
RMX not found
RMY not found
ROO not found
RR1 not found
RPG not found
RPM not found
RRR not found
RSH not found
RTG not found
RTH not found
RTR not found
RVS not found
RWL not found
RVT not found
RWD not found
RXH not found
RNX not found
RXL not found
RXM not found
RYD not found
RZI not found
S2R not found
S66 not found
S3N not found
SAU not found
SB2 not found
SBR not found
SBW not found
SCN not found
SAN not found
SCT not found
SDG not found
SDI not found
SDV not found
SEC not found
SEG not found
SEN not found
SEQ not found
SER not found
SES not found
SFG not found
SFM not found
SFX not found
SGA not found
SGC not found
SCL not found
SGI not found
SHA not found
SGQ not found
SHE not found
SHJ not found
SHG not found
SHM not found
SHN not found
SHO not found
SHP not found
SI6 not found
SIH not found
SIO not found
SIS not found
SIT not found
SIV not found
SIX not found
SKF not found
SKN not found
SKS not found
SKY not found
SLB not found
SLH not found
SLS not found
SLA not found
SLM not found
SLZ not found
SMI not found
SMN not found
SMS not found
SNC not found
SND not found
SNG not found
SNS not found
SOC not found
SNX not found
SOM not found
SOP not found
SOR not found
SOV not found
SP3 not found
SP8 not found
SPA not found
SPD not found
SPL not found
SPN not found
SPQ not found
SPT not found
SPZ not found
SQX not found
SRH not found
SRJ not found
SRI not found
SRK not found
SRL not found
SRN not found
SRR not found
SPX not found
SRX not found
SRT not found
SSH not found
SSL not found
SSG not found
SRZ not found
ST1 not found
STG not found
STK not found
SRY not found
STN not found
STM not found
STP not found
SVG not found
SUV not found
SUH not found
SVY not found
SW1 not found
SWF not found
SWP not found
SXE not found
SXG not found
T88 not found
SZL not found
SYM not found
T92 not found
T3D not found
TAL not found
TAM not found
TAR not found
TAS not found
TBR not found
TDO not found
TEE not found
TCO not found
TD1 not found
TCG not found
TEG not found
TEK not found
TEM not found
TFL not found
TG1 not found
TG6 not found
TGA not found
TGF not found
TGH not found
TGM not found
TGN not found
TGP not found
THR not found
TI1 not found
TIA not found
TIG not found
TIP not found
TKM not found
TMB not found
TMG not found
TKL not found
TMH not found
TMK not found
TML not found
TLM not found
TMS not found
TMR not found
TMT not found
TMX not found
TNC not found
TNT not found
TNY not found
TOE not found
TON not found
TOP not found
TOT not found
TOU not found
TOR not found
TOY not found
TPC not found
TPD not found
TRE not found
TRP not found
TRS not found
TRT not found
TRU not found
TSK not found
TSN not found
TSI not found
TSO not found
TTA not found
TTI not found
TTM not found
TTT not found
TVN not found
TVL not found
TWD not found
TYX not found
TYM not found
TZN not found
TZL not found
UBI not found
UBN not found
UCM not found
UNT not found
USL not found
UVA not found
USQ not found
VBC not found
VAL not found
VAR not found
VEE not found
VEN not found
VHM not found
VIG not found
VKA not found
VMG not found
VML not found
VLS not found
VBS not found
VMS not found
VMT not found
VPR not found
VN8 not found
VMM not found
VRC not found
VRS not found
VR8 not found
VRX not found
VSR not found
VTI not found
VTM not found
VTX not found
VVA not found
VR1 not found
W2V not found
WA8 not found
VYS not found
WAA not found
WAK not found
WAR not found
WAT not found
WBE not found
WC1 not found
WC8 not found
WCG not found
WEL not found
WEC not found
WCN not found
WGN not found
WFL not found
WGR not found
WHK not found
WIA not found
WIN not found
WMA not found
WKT not found
WLD not found
WMG not found
WML not found
WNR not found
WOT not found
WRK not found
WSI not found
WSP not found
WTL not found
WWI not found
WSR not found
WYX not found
WWG not found
WZR not found
X2M not found
XAM not found
XF1 not found
XGL not found
XPN not found
XRG not found
XRF not found
XTC not found
XST not found
XTE not found
YBR not found
YAR not found
YOJ not found
YOW not found
ZAG not found
ZER not found
ZEO not found
ZEU not found
ZGL not found
Z2U not found
YPB not found
ZLD not found
ZMI not found
YRL not found
ZMM not found
ZNO not found
ZNC not found
14D not found
1AG not found
1CG not found
3DA not found
1AD not found
1AE not found
3DP not found
1TT not found
1MC not found
1ST not found
5GG not found
4DS not found
8CO not found
92E not found
8VI not found
A1G not found
A1M not found
8IH not found
88E not found
A2B not found
A8G not found
A3D not found
AAP not found
AAJ not found
AAU not found
ABV not found
ABX not found
ABE not found
AAR not found
ABY not found
ACB not found
ACP not found
ACM not found
ACE not found
ACU not found
ACR not found
ACQ not found
ACS not found
ACW not found
ACF not found
AD1 not found
ADN not found
ADO not found
ADA not found
ADC not found
ADD not found
ADR not found
ADG not found
ADX not found
AEE not found
AEI not found
ADY not found
AER not found
ADS not found
AFL not found
AFA not found
ADV not found
AFW not found
AEV not found
AGC not found
AGR not found
AGE not found
AHF not found
AGN not found
AGD not found
AHC not found
AGH not found
AHI not found
AHK not found
AHX not found
AHN not found
AIV not found
AHL not found
AII not found
AIQ not found
AJL not found
AIM not found
AJQ not found
AJY not found
AKG not found
AL3 not found
AL8 not found
AKN not found
ALA not found
AJX not found
AKO not found
ALB not found
ALC not found
AKM not found
ALM not found
ALV not found
ALO not found
AMD not found
AM7 not found
AMA not found
AME not found
AMI not found
AML not found
ALY not found
AMM not found
AMO not found
AMN not found
AN1 not found
AMT not found
AND not found
ANG not found
ANL not found
AMX not found
ANO not found
ANP not found
ANX not found
ANR not found
AOA not found
AO1 not found
AON not found
APC not found
APL not found
APS not found
APW not found
AQC not found
AQI not found
AQD not found
AQN not found
AQS not found
AR1 not found
AR3 not found
AR9 not found
ARA not found
ARC not found
ARL not found
ARE not found
ARO not found
ARD not found
ARN not found
ARR not found
ART not found
ARV not found
ASH not found
AS2 not found
ASP not found
ASR not found
ASN not found
ASW not found
AT1 not found
ASO not found
ATC not found
ASQ not found
ATP not found
ATH not found
ATS not found
ATR not found
ATV not found
ATX not found
AU1 not found
AUG not found
AUE not found
AUC not found
AUH not found
AUQ not found
AUK not found
AUN not found
AUR not found
AUT not found
AUA not found
AUZ not found
AV1 not found
AVA not found
AVC not found
AVE not found
AVJ not found
AVG not found
AVD not found
AVL not found
AVM not found
AW1 not found
AVW not found
AWJ not found
AX8 not found
AXI not found
AXN not found
AXP not found
AXE not found
AYA not found
AYI not found
AYT not found
AYM not found
AZI not found
AZY not found
BAS not found
BAT not found
B4P not found
BBC not found
BBL not found
BBT not found
BBX not found
BC8 not found
AZL not found
BCN not found
BCT not found
BCC not found
BDG not found
BDX not found
BDT not found
BEL not found
BCA not found
BET not found
BEX not found
BGD not found
BEZ not found
BFC not found
BGE not found
BGT not found
BIM not found
BIO not found
BHD not found
BIR not found
BIT not found
BKG not found
BKT not found
BLG not found
BLU not found
BLZ not found
BM8 not found
BME not found
BIS not found
BMG not found
BMH not found
BML not found
BMM not found
BMR not found
BMO not found
BNO not found
BMT not found
BNL not found
BNZ not found
BOA not found
BOC not found
BNR not found
BOD not found
BOL not found
BOT not found
BP8 not found
BPH not found
BPM not found
BPP not found
BRI not found
BRK not found
BRL not found
BRX not found
BSA not found
BSN not found
BSE not found
BTC not found
BSX not found
BTE not found
BRU not found
BTI not found
BUR not found
BUB not found
BTR not found
BTN not found
BUS not found
BUY not found
BUX not found
BWF not found
BXN not found
BYE not found
C1X not found
BYH not found
BVR not found
CAA not found
C29 not found
C7A not found
CAF not found
CAE not found
CAG not found
CAM not found
CAN not found
CAQ not found
CAZ not found
CAI not found
CAV not found
CAY not found
CBE not found
CBL not found
CBH not found
CBR not found
CBY not found
CCE not found
CCA not found
CCR not found
CCV not found
CCO not found
CCX not found
CCZ not found
CCG not found
CD2 not found
CD1 not found
CDD not found
CDO not found
CDX not found
CDR not found
CD3 not found
CEL not found
CE1 not found
CF1 not found
CG1 not found
CGO not found
CDT not found
CHK not found
CHL not found
CHM not found
CHR not found
CHW not found
CHZ not found
CKA not found
CI1 not found
CIW not found
CLE not found
CLA not found
CLT not found
CL8 not found
CLU not found
CLX not found
CLZ not found
CMG not found
CNJ not found
CMO not found
CMD not found
CMP not found
CNB not found
CMX not found
CNQ not found
CNW not found
COB not found
COO not found
COS not found
COY not found
CPN not found
CPM not found
COD not found
CPT not found
CPO not found
CPV not found
COI not found
CR1 not found
CR9 not found
CRB not found
CRR not found
CRS not found
CSF not found
CST not found
CSS not found
CSX not found
CTN not found
CTE not found
CT1 not found
CTO not found
CTP not found
CTQ not found
CUE not found
CUF not found
CUL not found
CUP not found
CXU not found
CXM not found
CUS not found
CVV not found
CWX not found
CVR not found
CXZ not found
CYG not found
CY5 not found
CYL not found
CYP not found
CYQ not found
CZR not found
CZN not found
D2O not found
DAF not found
DAL not found
DBF not found
DBO not found
DC2 not found
DCG not found
DCN not found
DCC not found
DDB not found
DDT not found
DEM not found
DES not found
DCX not found
DCL not found
DGH not found
DKM not found
DGR not found
DLM not found
DEV not found
DM1 not found
DME not found
DNA not found
DMM not found
DRA not found
DOC not found
DOU not found
DMG not found
DRE not found
DRX not found
DRO not found
DSK not found
DTC not found
DTI not found
DTM not found
DTR not found
DUG not found
DUB not found
DVL not found
DUN not found
DVR not found
DXB not found
DXN not found
DY6 not found
DTZ not found
DYM not found
E79 not found
EBG not found
E25 not found
E33 not found
An error occurred for MPA: HTTPSConnectionPool(host='query2.finance.yahoo.com', port=443): Max retries exceeded with url: /v10/finance/quoteSummary/MPA.AX?modules=summaryProfile%2CfinancialData%2CquoteType%2CdefaultKeyStatistics%2CassetProfile%2CsummaryDetail&ssl=true (Caused by NameResolutionError("<urllib3.connection.HTTPSConnection object at 0x16843ee60>: Failed to resolve 'query2.finance.yahoo.com' ([Errno 8] nodename nor servname provided, or not known)"))
SXG not found
